Archive member included to satisfy reference by file (symbol)

/var/archlab-modules/riscv-gnu-toolchain/2026.03.13/bin/../lib/gcc/riscv64-unknown-elf/15.2.0/../../../../riscv64-unknown-elf/lib/rv32imac/ilp32/libc.a(libc_a-memset.o)
                              ./mtkernel_3/kernel/tkernel/task.o (memset)
/var/archlab-modules/riscv-gnu-toolchain/2026.03.13/bin/../lib/gcc/riscv64-unknown-elf/15.2.0/../../../../riscv64-unknown-elf/lib/rv32imac/ilp32/libc.a(libc_a-memcpy.o)
                              ./mtkernel_3/device/common/drvif/msdrvif.o (memcpy)

Merging object attributes


Discarded input sections

 .group         0x00000000        0xc ./mtkernel_3/lib/libtm/libtm.o
 .group         0x00000000        0xc ./mtkernel_3/lib/libtm/libtm.o
 .group         0x00000000        0xc ./mtkernel_3/lib/libtm/libtm.o
 .group         0x00000000        0xc ./mtkernel_3/lib/libtm/libtm.o
 .group         0x00000000        0xc ./mtkernel_3/lib/libtm/libtm.o
 .group         0x00000000        0xc ./mtkernel_3/lib/libtm/libtm.o
 .group         0x00000000        0xc ./mtkernel_3/lib/libtm/libtm.o
 .group         0x00000000        0xc ./mtkernel_3/lib/libtm/libtm.o
 .group         0x00000000        0xc ./mtkernel_3/lib/libtm/libtm.o
 .group         0x00000000        0xc ./mtkernel_3/lib/libtm/libtm.o
 .group         0x00000000        0xc ./mtkernel_3/lib/libtm/libtm.o
 .group         0x00000000        0xc ./mtkernel_3/lib/libtm/libtm.o
 .group         0x00000000        0xc ./mtkernel_3/lib/libtm/libtm.o
 .group         0x00000000        0xc ./mtkernel_3/lib/libtm/libtm.o
 .group         0x00000000        0xc ./mtkernel_3/lib/libtm/libtm.o
 .group         0x00000000        0xc ./mtkernel_3/lib/libtm/libtm.o
 .group         0x00000000        0xc ./mtkernel_3/lib/libtm/libtm.o
 .group         0x00000000        0xc ./mtkernel_3/lib/libtm/libtm.o
 .group         0x00000000        0xc ./mtkernel_3/lib/libtm/libtm.o
 .group         0x00000000        0xc ./mtkernel_3/lib/libtm/libtm.o
 .group         0x00000000        0xc ./mtkernel_3/lib/libtm/libtm.o
 .group         0x00000000        0xc ./mtkernel_3/lib/libtm/libtm.o
 .group         0x00000000        0xc ./mtkernel_3/lib/libtm/libtm.o
 .group         0x00000000        0xc ./mtkernel_3/lib/libtm/libtm.o
 .group         0x00000000        0xc ./mtkernel_3/lib/libtm/libtm_printf.o
 .group         0x00000000        0xc ./mtkernel_3/lib/libtm/libtm_printf.o
 .group         0x00000000        0xc ./mtkernel_3/lib/libtm/libtm_printf.o
 .group         0x00000000        0xc ./mtkernel_3/lib/libtm/libtm_printf.o
 .group         0x00000000        0xc ./mtkernel_3/lib/libtm/libtm_printf.o
 .group         0x00000000        0xc ./mtkernel_3/lib/libtm/libtm_printf.o
 .group         0x00000000        0xc ./mtkernel_3/lib/libtm/libtm_printf.o
 .group         0x00000000        0xc ./mtkernel_3/lib/libtm/libtm_printf.o
 .group         0x00000000        0xc ./mtkernel_3/lib/libtm/libtm_printf.o
 .group         0x00000000        0xc ./mtkernel_3/lib/libtm/libtm_printf.o
 .group         0x00000000        0xc ./mtkernel_3/lib/libtm/libtm_printf.o
 .group         0x00000000        0xc ./mtkernel_3/lib/libtm/libtm_printf.o
 .group         0x00000000        0xc ./mtkernel_3/lib/libtm/libtm_printf.o
 .group         0x00000000        0xc ./mtkernel_3/lib/libtm/libtm_printf.o
 .group         0x00000000        0xc ./mtkernel_3/lib/libtm/libtm_printf.o
 .group         0x00000000        0xc ./mtkernel_3/lib/libtm/libtm_printf.o
 .group         0x00000000        0xc ./mtkernel_3/lib/libtm/libtm_printf.o
 .group         0x00000000        0xc ./mtkernel_3/lib/libtm/libtm_printf.o
 .group         0x00000000        0xc ./mtkernel_3/lib/libtm/libtm_printf.o
 .group         0x00000000        0xc ./mtkernel_3/lib/libtm/libtm_printf.o
 .group         0x00000000        0xc ./mtkernel_3/lib/libtm/libtm_printf.o
 .group         0x00000000        0xc ./mtkernel_3/lib/libtm/libtm_printf.o
 .group         0x00000000        0xc ./mtkernel_3/lib/libtm/libtm_printf.o
 .group         0x00000000        0xc ./mtkernel_3/lib/libtm/libtm_printf.o
 .group         0x00000000        0xc ./mtkernel_3/lib/libtm/libtm_printf.o
 .debug_macro   0x00000000      0x862 ./mtkernel_3/lib/libtm/libtm_printf.o
 .debug_macro   0x00000000       0x22 ./mtkernel_3/lib/libtm/libtm_printf.o
 .debug_macro   0x00000000       0x10 ./mtkernel_3/lib/libtm/libtm_printf.o
 .debug_macro   0x00000000       0x34 ./mtkernel_3/lib/libtm/libtm_printf.o
 .debug_macro   0x00000000      0x177 ./mtkernel_3/lib/libtm/libtm_printf.o
 .debug_macro   0x00000000      0x2af ./mtkernel_3/lib/libtm/libtm_printf.o
 .debug_macro   0x00000000      0x190 ./mtkernel_3/lib/libtm/libtm_printf.o
 .debug_macro   0x00000000      0x34e ./mtkernel_3/lib/libtm/libtm_printf.o
 .debug_macro   0x00000000       0x40 ./mtkernel_3/lib/libtm/libtm_printf.o
 .debug_macro   0x00000000       0xac ./mtkernel_3/lib/libtm/libtm_printf.o
[...]
Memory Configuration

Name             Origin             Length             Attributes
ROM              0x80000000         0x00020000         xr
RAM              0x80020000         0x00020000         xrw
*default*        0x00000000         0xffffffff

Linker script and memory map

LOAD ./mtkernel_3/lib/libtm/libtm.o
LOAD ./mtkernel_3/lib/libtm/libtm_printf.o
LOAD ./mtkernel_3/lib/libtk/fastlock.o
LOAD ./mtkernel_3/lib/libtk/fastmlock.o
LOAD ./mtkernel_3/lib/libtk/kmalloc.o
LOAD ./mtkernel_3/kernel/usermain/usermain.o
LOAD ./mtkernel_3/kernel/tstdlib/bitop.o
LOAD ./mtkernel_3/kernel/tstdlib/string.o
LOAD ./mtkernel_3/kernel/tkernel/cpuctl.o
LOAD ./mtkernel_3/kernel/tkernel/device.o
LOAD ./mtkernel_3/kernel/tkernel/deviceio.o
LOAD ./mtkernel_3/kernel/tkernel/eventflag.o
LOAD ./mtkernel_3/kernel/tkernel/int.o
LOAD ./mtkernel_3/kernel/tkernel/klock.o
LOAD ./mtkernel_3/kernel/tkernel/mailbox.o
LOAD ./mtkernel_3/kernel/tkernel/memory.o
LOAD ./mtkernel_3/kernel/tkernel/mempfix.o
LOAD ./mtkernel_3/kernel/tkernel/mempool.o
LOAD ./mtkernel_3/kernel/tkernel/messagebuf.o
LOAD ./mtkernel_3/kernel/tkernel/misc_calls.o
LOAD ./mtkernel_3/kernel/tkernel/mutex.o
LOAD ./mtkernel_3/kernel/tkernel/objname.o
LOAD ./mtkernel_3/kernel/tkernel/power.o
LOAD ./mtkernel_3/kernel/tkernel/rendezvous.o
LOAD ./mtkernel_3/kernel/tkernel/semaphore.o
LOAD ./mtkernel_3/kernel/tkernel/task.o
LOAD ./mtkernel_3/kernel/tkernel/task_manage.o
LOAD ./mtkernel_3/kernel/tkernel/task_sync.o
LOAD ./mtkernel_3/kernel/tkernel/time_calls.o
LOAD ./mtkernel_3/kernel/tkernel/timer.o
LOAD ./mtkernel_3/kernel/tkernel/tkinit.o
LOAD ./mtkernel_3/kernel/tkernel/wait.o
LOAD ./mtkernel_3/kernel/sysinit/sysinit.o
LOAD ./mtkernel_3/kernel/inittask/inittask.o
LOAD ./mtkernel_3/device/common/drvif/msdrvif.o
LOAD ./mtkernel_3/device/adc/adc.o
LOAD ./mtkernel_3/device/i2c/i2c.o
LOAD ./mtkernel_3/device/ser/ser.o
LOAD ./mtkernel_3/lib/libtm/sysdepend/iote_riscv/tm_com.o
LOAD ./mtkernel_3/lib/libtm/sysdepend/no_device/tm_com.o
LOAD ./mtkernel_3/lib/libtk/sysdepend/cpu/core/riscv/int_riscv.o
LOAD ./mtkernel_3/lib/libtk/sysdepend/cpu/core/riscv/wusec_riscv.o
LOAD ./mtkernel_3/kernel/sysdepend/iote_riscv/cpu_clock.o
LOAD ./mtkernel_3/kernel/sysdepend/iote_riscv/devinit.o
LOAD ./mtkernel_3/kernel/sysdepend/iote_riscv/hw_setting.o
LOAD ./mtkernel_3/kernel/sysdepend/iote_riscv/power_save.o
LOAD ./mtkernel_3/kernel/sysdepend/cpu/core/riscv/cpu_cntl.o
LOAD ./mtkernel_3/kernel/sysdepend/cpu/core/riscv/dispatch.o
LOAD ./mtkernel_3/kernel/sysdepend/cpu/core/riscv/exc_hdr.o
LOAD ./mtkernel_3/kernel/sysdepend/cpu/core/riscv/interrupt.o
LOAD ./mtkernel_3/kernel/sysdepend/cpu/core/riscv/reset_hdl.o
LOAD ./mtkernel_3/kernel/sysdepend/cpu/core/riscv/startup.o
LOAD /var/archlab-modules/riscv-gnu-toolchain/2026.03.13/bin/../lib/gcc/riscv64-unknown-elf/15.2.0/rv32imac/ilp32/libgcc.a
START GROUP
LOAD /var/archlab-modules/riscv-gnu-toolchain/2026.03.13/bin/../lib/gcc/riscv64-unknown-elf/15.2.0/../../../../riscv64-unknown-elf/lib/rv32imac/ilp32/libc.a
LOAD /var/archlab-modules/riscv-gnu-toolchain/2026.03.13/bin/../lib/gcc/riscv64-unknown-elf/15.2.0/../../../../riscv64-unknown-elf/lib/rv32imac/ilp32/libgloss.a
END GROUP
LOAD /var/archlab-modules/riscv-gnu-toolchain/2026.03.13/bin/../lib/gcc/riscv64-unknown-elf/15.2.0/rv32imac/ilp32/libgcc.a

.text           0x80000000    0x1014c
                0x80000000                        . = ALIGN (0x4)
                0x80000000                        __start = .
 *(.text.startup)
 .text.startup  0x80000000       0x1e ./mtkernel_3/kernel/sysdepend/cpu/core/riscv/startup.o
                0x80000000                _start
 *(.text)
 .text          0x8000001e      0x1d2 ./mtkernel_3/lib/libtm/libtm.o
                0x80000064                libtm_init
                0x8000007a                tm_getchar
                0x800000ac                tm_getline
                0x80000148                tm_putchar
                0x800001a0                tm_putstring
 .text          0x800001f0      0xa70 ./mtkernel_3/lib/libtm/libtm_printf.o
                0x80000b08                tm_printf
                0x80000be8                tm_sprintf
 .text          0x80000c60      0x208 ./mtkernel_3/lib/libtk/fastlock.o
                0x80000d20                Lock
                0x80000d52                Unlock
                0x80000d82                CreateLock
                0x80000e34                DeleteLock
 .text          0x80000e68      0x34e ./mtkernel_3/lib/libtk/fastmlock.o
                0x80000fae                MLockTmo
                0x80001034                MLock
                0x8000105c                MUnlock
                0x800010b6                CreateMLock
                0x8000116a                DeleteMLock
 .text          0x800011b6       0x96 ./mtkernel_3/lib/libtk/kmalloc.o
                0x800011b6                Kmalloc
                0x800011d8                Kcalloc
                0x80001204                Krealloc
                0x8000122e                Kfree
 .text          0x8000124c       0x14 ./mtkernel_3/kernel/usermain/usermain.o
                0x8000124c                usermain
 .text          0x80001260      0x18c ./mtkernel_3/kernel/tstdlib/bitop.o
                0x80001260                knl_bitclr
                0x800012d6                knl_bitset
                0x80001336                knl_bitsearch1
 .text          0x800013ec      0x2ea ./mtkernel_3/kernel/tstdlib/string.o
                0x800013ec                knl_memset
                0x800014be                knl_memcpy
                0x80001516                knl_strlen
                0x80001546                knl_strcpy
                0x80001590                knl_strncpy
                0x80001610                knl_strcmp
                0x8000167c                knl_strcat
 .text          0x800016d6      0x4d2 ./mtkernel_3/kernel/tkernel/cpuctl.o
                0x8000176a                tk_dis_dsp
                0x800017a2                tk_ena_dsp
                0x800017f0                tk_set_reg
                0x80001906                tk_get_reg
                0x80001a1c                td_set_reg
                0x80001ae2                td_get_reg
 .text          0x80001ba8      0xc94 ./mtkernel_3/kernel/tkernel/device.o
                0x80001d28                knl_searchDevCB
                0x80001e20                tk_def_dev
                0x80002018                tk_ref_idv
                0x80002056                knl_phydevnm
                0x800021ee                tk_get_dev
                0x800022d4                tk_ref_dev
                0x800023b8                tk_oref_dev
                0x80002492                tk_lst_dev
                0x800025b0                tk_evt_dev
                0x80002774                knl_initialize_devmgr
                0x80002808                knl_finish_devmgr
 .text          0x8000283c     0x17ce ./mtkernel_3/kernel/tkernel/deviceio.o
                0x80002984                knl_GetResCB
                0x800029c4                knl_check_devdesc
                0x80002a46                knl_delOpnCB
                0x80002a8c                knl_delReqCB
                0x80002abe                knl_chkopen
                0x80002cfa                tk_opn_dev
                0x800031d4                knl_close_device
                0x8000333c                tk_cls_dev
                0x80003408                knl_request
                0x80003684                tk_rea_dev
                0x800036ca                tk_srea_dev
                0x80003742                tk_wri_dev
                0x80003788                tk_swri_dev
                0x80003860                tk_wai_dev
                0x80003d0a                tk_sus_dev
                0x80003e5e                knl_devmgr_startup
                0x80003e9c                knl_devmgr_cleanup
                0x80003f3c                knl_initDevIO
                0x80003ff6                knl_finishDevIO
 .text          0x8000400a      0xa90 ./mtkernel_3/kernel/tkernel/eventflag.o
                0x800041e0                knl_eventflag_initialize
                0x80004236                tk_cre_flg
                0x8000431c                tk_del_flg
                0x800043d0                tk_set_flg
                0x80004520                tk_clr_flg
                0x8000460e                tk_wai_flg
                0x800047d8                tk_ref_flg
                0x800048a0                td_lst_flg
                0x8000492e                td_ref_flg
                0x800049cc                td_flg_que
 .text          0x80004a9a      0x108 ./mtkernel_3/kernel/tkernel/int.o
                0x80004ae0                tk_def_int
                0x80004b8c                tk_ret_int
 .text          0x80004ba2      0x4de ./mtkernel_3/kernel/tkernel/klock.o
                0x80004eba                knl_LockOBJ
                0x80004fba                knl_UnlockOBJ
 .text          0x80005080      0x93a ./mtkernel_3/kernel/tkernel/mailbox.o
                0x80005262                knl_mailbox_initialize
                0x800052b8                tk_cre_mbx
                0x8000539a                tk_del_mbx
                0x8000544e                tk_snd_mbx
                0x800055be                tk_rcv_mbx
                0x80005700                tk_ref_mbx
                0x800057c4                td_lst_mbx
                0x8000584e                td_ref_mbx
                0x800058ec                td_mbx_que
 .text          0x800059ba      0x73a ./mtkernel_3/kernel/tkernel/memory.o
                0x80005ab0                knl_searchFreeArea
                0x80005b8a                knl_appendFreeArea
                0x80005c70                knl_removeFreeQue
                0x80005cf8                knl_insertAreaQue
                0x80005d4c                knl_removeAreaQue
                0x80005d92                knl_Imalloc
                0x80005e68                knl_Icalloc
                0x80005eb8                knl_Irealloc
                0x80005f40                knl_Ifree
                0x80005ffa                knl_init_Imalloc
 .text          0x800060f4      0xb3a ./mtkernel_3/kernel/tkernel/mempfix.o
                0x800062d8                knl_fix_memorypool_initialize
                0x8000633c                tk_cre_mpf
                0x800064f4                tk_del_mpf
                0x8000662c                tk_get_mpf
                0x800067e0                tk_rel_mpf
                0x80006926                tk_ref_mpf
                0x800069fc                td_lst_mpf
                0x80006aa8                td_ref_mpf
                0x80006b60                td_mpf_que
 .text          0x80006c2e     0x102e ./mtkernel_3/kernel/tkernel/mempool.o
                0x80006e0e                knl_memorypool_initialize
                0x80007198                knl_mpl_wakeup
                0x8000726a                tk_cre_mpl
                0x80007410                tk_del_mpl
                0x8000758e                tk_get_mpl
                0x80007746                tk_rel_mpl
                0x80007858                tk_ref_mpl
                0x800079c6                td_lst_mpl
                0x80007a72                td_ref_mpl
                0x80007b8e                td_mpl_que
 .text          0x80007c5c     0x1078 ./mtkernel_3/kernel/tkernel/messagebuf.o
                0x80007e3a                knl_messagebuffer_initialize
                0x80008020                tk_cre_mbf
                0x800081e8                tk_del_mbf
                0x8000834a                tk_snd_mbf
                0x8000866a                tk_rcv_mbf
                0x80008844                tk_ref_mbf
                0x80008982                td_lst_mbf
                0x80008a1a                td_ref_mbf
                0x80008b2e                td_smbf_que
                0x80008c00                td_rmbf_que
 .text          0x80008cd4      0x30c ./mtkernel_3/kernel/tkernel/misc_calls.o
                0x80008d68                tk_ref_sys
                0x80008e74                tk_ref_ver
                0x80008ed4                td_ref_sys
 .text          0x80008fe0      0xee0 ./mtkernel_3/kernel/tkernel/mutex.o
                0x800091e4                knl_mutex_initialize
                0x8000924c                knl_release_mutex
                0x80009332                knl_signal_all_mutex
                0x800093ec                knl_chg_pri_mutex
                0x8000951e                tk_cre_mtx
                0x80009650                tk_del_mtx
                0x8000980e                tk_loc_mtx
                0x80009a84                tk_unl_mtx
                0x80009bde                tk_ref_mtx
                0x80009cb2                td_lst_mtx
                0x80009d4a                td_ref_mtx
                0x80009df4                td_mtx_que
 .text          0x80009ec0       0x40 ./mtkernel_3/kernel/tkernel/objname.o
                0x80009ec0                td_ref_dsname
                0x80009ee0                td_set_dsname
 .text          0x80009f00        0x0 ./mtkernel_3/kernel/tkernel/power.o
 .text          0x80009f00        0x0 ./mtkernel_3/kernel/tkernel/rendezvous.o
 .text          0x80009f00      0xa20 ./mtkernel_3/kernel/tkernel/semaphore.o
                0x8000a052                knl_semaphore_initialize
                0x8000a0b8                tk_cre_sem
                0x8000a1e2                tk_del_sem
                0x8000a29e                tk_sig_sem
                0x8000a4c2                tk_wai_sem
                0x8000a652                tk_ref_sem
                0x8000a71a                td_lst_sem
                0x8000a7b0                td_ref_sem
                0x8000a852                td_sem_que
 .text          0x8000a920      0x820 ./mtkernel_3/kernel/tkernel/task.o
                0x8000adca                knl_task_initialize
                0x8000ae70                knl_make_dormant
                0x8000af14                knl_make_ready
                0x8000af52                knl_make_non_ready
                0x8000af9a                knl_change_task_priority
                0x8000b036                knl_rotate_ready_queue
                0x8000b05c                knl_rotate_ready_queue_run
                0x8000b092                td_rdy_que
 .text          0x8000b140     0x1062 ./mtkernel_3/kernel/tkernel/task_manage.o
                0x8000b366                tk_cre_tsk
                0x8000b578                tk_del_tsk
                0x8000b67c                tk_sta_tsk
                0x8000b7fa                tk_ext_tsk
                0x8000b880                tk_exd_tsk
                0x8000b8f8                tk_ter_tsk
                0x8000ba22                tk_chg_pri
                0x8000bb6e                tk_rot_rdq
                0x8000bc1c                tk_get_tid
                0x8000bc46                tk_ref_tsk
                0x8000bdca                tk_rel_wai
                0x8000beb0                td_lst_tsk
                0x8000bf4a                td_ref_tsk
                0x8000c0c8                td_inf_tsk
 .text          0x8000c1a2      0x92a ./mtkernel_3/kernel/tkernel/task_sync.o
                0x8000c284                tk_sus_tsk
                0x8000c408                tk_rsm_tsk
                0x8000c57c                tk_frsm_tsk
                0x8000c6ca                tk_slp_tsk
                0x8000c7be                tk_wup_tsk
                0x8000c90a                tk_can_wup
                0x8000c9f8                tk_dly_tsk
 .text          0x8000cacc     0x1690 ./mtkernel_3/kernel/tkernel/time_calls.o
                0x8000ce64                tk_set_utc
                0x8000cef6                tk_get_utc
                0x8000cf86                tk_set_tim
                0x8000d04c                tk_get_tim
                0x8000d10c                tk_get_otm
                0x8000d178                td_get_tim
                0x8000d1ec                td_get_otm
                0x8000d23c                knl_cyclichandler_initialize
                0x8000d2a2                knl_call_cychdr
                0x8000d31a                tk_cre_cyc
                0x8000d48c                tk_del_cyc
                0x8000d558                tk_sta_cyc
                0x8000d692                tk_stp_cyc
                0x8000d756                tk_ref_cyc
                0x8000d886                td_lst_cyc
                0x8000d93e                td_ref_cyc
                0x8000da44                knl_alarmhandler_initialize
                0x8000daae                knl_call_almhdr
                0x8000daec                tk_cre_alm
                0x8000dbde                tk_del_alm
                0x8000dce8                tk_sta_alm
                0x8000ddd6                tk_stp_alm
                0x8000de9a                tk_ref_alm
                0x8000dfb4                td_lst_alm
                0x8000e06c                td_ref_alm
 .text          0x8000e15c      0x592 ./mtkernel_3/kernel/tkernel/timer.o
                0x8000e3d6                knl_timer_startup
                0x8000e41e                knl_timer_shutdown
                0x8000e4b8                knl_timer_insert
                0x8000e524                knl_timer_insert_reltim
                0x8000e57c                knl_timer_insert_abs
                0x8000e5c2                knl_timer_handler
 .text          0x8000e6ee       0xf0 ./mtkernel_3/kernel/tkernel/tkinit.o
                0x8000e6ee                knl_init_object
 .text          0x8000e7de      0x51e ./mtkernel_3/kernel/tkernel/wait.o
                0x8000e99c                knl_wait_release_ok
                0x8000e9c2                knl_wait_release_ok_ercd
                0x8000e9ee                knl_wait_release_ng
                0x8000ea32                knl_wait_release_tmout
                0x8000ea6e                knl_make_wait
                0x8000eaf6                knl_make_wait_reltim
                0x8000eb7e                knl_wait_delete
                0x8000ebbe                knl_wait_tskid
                0x8000ebea                knl_gcb_make_wait
                0x8000ec6a                knl_gcb_change_priority
                0x8000ec98                knl_gcb_top_of_wait_queue
 .text          0x8000ecfc      0x124 ./mtkernel_3/kernel/sysinit/sysinit.o
                0x8000ed1a                main
                0x8000ee10                knl_tkernel_exit
 .text          0x8000ee20       0xc8 ./mtkernel_3/kernel/inittask/inittask.o
 .text          0x8000eee8      0x39c ./mtkernel_3/device/common/drvif/msdrvif.o
                0x8000f0ea                msdi_def_dev
                0x8000f236                msdi_del_dev
 .text          0x8000f284        0x0 ./mtkernel_3/device/adc/adc.o
 .text          0x8000f284        0x0 ./mtkernel_3/device/i2c/i2c.o
 .text          0x8000f284        0x0 ./mtkernel_3/device/ser/ser.o
 .text          0x8000f284       0x90 ./mtkernel_3/lib/libtm/sysdepend/iote_riscv/tm_com.o
                0x8000f284                tm_snd_dat
                0x8000f2e8                tm_rcv_dat
                0x8000f302                tm_com_init
 .text          0x8000f314        0x0 ./mtkernel_3/lib/libtm/sysdepend/no_device/tm_com.o
 .text          0x8000f314       0xb6 ./mtkernel_3/lib/libtk/sysdepend/cpu/core/riscv/int_riscv.o
                0x8000f314                SetCpuIntLevel
                0x8000f32a                GetCpuIntLevel
                0x8000f33e                StartPhysicalTimer
                0x8000f35e                StopPhysicalTimer
                0x8000f376                GetPhysicalTimerCount
                0x8000f392                DefinePhysicalTimerHandler
                0x8000f3ae                GetPhysicalTimerConfig
 .text          0x8000f3ca       0xf6 ./mtkernel_3/lib/libtk/sysdepend/cpu/core/riscv/wusec_riscv.o
                0x8000f424                WaitUsec
                0x8000f490                WaitNsec
 .text          0x8000f4c0       0x12 ./mtkernel_3/kernel/sysdepend/iote_riscv/cpu_clock.o
                0x8000f4c0                startup_clock
 .text          0x8000f4d2       0x3c ./mtkernel_3/kernel/sysdepend/iote_riscv/devinit.o
                0x8000f4d2                knl_init_device
                0x8000f4e6                knl_start_device
                0x8000f4fa                knl_finish_device
 .text          0x8000f50e       0xb8 ./mtkernel_3/kernel/sysdepend/iote_riscv/hw_setting.o
                0x8000f52c                knl_startup_hw
                0x8000f54a                knl_shutdown_hw
                0x8000f556                knl_restart_hw
 .text          0x8000f5c6       0x28 ./mtkernel_3/kernel/sysdepend/iote_riscv/power_save.o
                0x8000f5c6                low_pow
                0x8000f5dc                off_pow
 .text          0x8000f5ee      0x170 ./mtkernel_3/kernel/sysdepend/cpu/core/riscv/cpu_cntl.o
                0x8000f5ee                knl_set_reg
                0x8000f69a                knl_get_reg
                0x8000f734                knl_force_dispatch
                0x8000f74a                knl_dispatch
 *fill*         0x8000f75e        0x2 
 .text          0x8000f760      0x290 ./mtkernel_3/kernel/sysdepend/cpu/core/riscv/dispatch.o
                0x8000f760                knl_dispatch_to_schedtsk
                0x8000f78a                knl_dispatch_entry
                0x8000f890                knl_trap_handler
 .text          0x8000f9f0       0x2e ./mtkernel_3/kernel/sysdepend/cpu/core/riscv/exc_hdr.o
                0x8000f9f0                knl_exception_handler
 .text          0x8000fa1e       0xf6 ./mtkernel_3/kernel/sysdepend/cpu/core/riscv/interrupt.o
                0x8000fa1e                knl_interrupt_handler
                0x8000fa74                knl_define_inthdr
                0x8000fac0                knl_return_inthdr
                0x8000fad2                knl_init_interrupt
 .text          0x8000fb14       0xe6 ./mtkernel_3/kernel/sysdepend/cpu/core/riscv/reset_hdl.o
                0x8000fb14                Reset_Handler
 .text          0x8000fbfa        0x0 ./mtkernel_3/kernel/sysdepend/cpu/core/riscv/startup.o
 .text          0x8000fbfa       0xa8 /var/archlab-modules/riscv-gnu-toolchain/2026.03.13/bin/../lib/gcc/riscv64-unknown-elf/15.2.0/../../../../riscv64-unknown-elf/lib/rv32imac/ilp32/libc.a(libc_a-memset.o)
                0x8000fbfa                memset
 .text          0x8000fca2        0x0 /var/archlab-modules/riscv-gnu-toolchain/2026.03.13/bin/../lib/gcc/riscv64-unknown-elf/15.2.0/../../../../riscv64-unknown-elf/lib/rv32imac/ilp32/libc.a(libc_a-memcpy.o)
 *(.text.*)
 .text.memcpy   0x8000fca2       0xe8 /var/archlab-modules/riscv-gnu-toolchain/2026.03.13/bin/../lib/gcc/riscv64-unknown-elf/15.2.0/../../../../riscv64-unknown-elf/lib/rv32imac/ilp32/libc.a(libc_a-memcpy.o)
                0x8000fca2                memcpy
 *(.rodata)
 *fill*         0x8000fd8a        0x2 
 .rodata        0x8000fd8c       0x30 ./mtkernel_3/lib/libtm/libtm_printf.o
 .rodata        0x8000fdbc        0x5 ./mtkernel_3/lib/libtk/fastlock.o
 *fill*         0x8000fdc1        0x3 
 .rodata        0x8000fdc4        0x5 ./mtkernel_3/lib/libtk/fastmlock.o
 *fill*         0x8000fdc9        0x3 
 .rodata        0x8000fdcc        0x5 ./mtkernel_3/kernel/tkernel/device.o
 *fill*         0x8000fdd1        0x3 
 .rodata        0x8000fdd4       0x10 ./mtkernel_3/kernel/tkernel/deviceio.o
 .rodata        0x8000fde4       0x18 ./mtkernel_3/kernel/tkernel/eventflag.o
 .rodata        0x8000fdfc       0x18 ./mtkernel_3/kernel/tkernel/mailbox.o
 .rodata        0x8000fe14       0x18 ./mtkernel_3/kernel/tkernel/mempfix.o
 .rodata        0x8000fe2c       0x18 ./mtkernel_3/kernel/tkernel/mempool.o
 .rodata        0x8000fe44       0x24 ./mtkernel_3/kernel/tkernel/messagebuf.o
 .rodata        0x8000fe68       0x24 ./mtkernel_3/kernel/tkernel/mutex.o
 .rodata        0x8000fe8c       0x18 ./mtkernel_3/kernel/tkernel/semaphore.o
 .rodata        0x8000fea4       0xc0 ./mtkernel_3/kernel/tkernel/task_manage.o
 .rodata        0x8000ff64       0x18 ./mtkernel_3/kernel/tkernel/task_sync.o
 .rodata        0x8000ff7c       0xd8 ./mtkernel_3/kernel/sysinit/sysinit.o
 .rodata        0x80010054       0x6d ./mtkernel_3/kernel/inittask/inittask.o
                0x80010054                knl_init_ctsk
 *fill*         0x800100c1        0x3 
 .rodata        0x800100c4       0x53 ./mtkernel_3/kernel/sysdepend/iote_riscv/hw_setting.o
 *fill*         0x80010117        0x1 
 .rodata        0x80010118       0x34 ./mtkernel_3/kernel/sysdepend/cpu/core/riscv/exc_hdr.o
 *(.rodata.*)
                0x8001014c                        . = ALIGN (0x4)
                0x8001014c                        __text_end = .

.srodata        0x8001014c        0x2
 .srodata       0x8001014c        0x2 ./mtkernel_3/lib/libtm/libtm.o

.rela.dyn       0x80010150        0x0
 .rela.text     0x80010150        0x0 ./mtkernel_3/lib/libtm/libtm.o
 .rela.text.startup
                0x80010150        0x0 ./mtkernel_3/lib/libtm/libtm.o
                0x80010150                        . = ALIGN (0x4)
                0x8001014e                        __data_org = LOADADDR (.data)

.data           0x80020000        0x0 load address 0x8001014e
                0x80020800                        PROVIDE (__global_pointer$ = (. + 0x800))
                0x80020000                        __data_start = .
 *(.data)
 .data          0x80020000        0x0 ./mtkernel_3/lib/libtm/libtm.o
 .data          0x80020000        0x0 ./mtkernel_3/lib/libtm/libtm_printf.o
 .data          0x80020000        0x0 ./mtkernel_3/lib/libtk/fastlock.o
 .data          0x80020000        0x0 ./mtkernel_3/lib/libtk/fastmlock.o
 .data          0x80020000        0x0 ./mtkernel_3/lib/libtk/kmalloc.o
 .data          0x80020000        0x0 ./mtkernel_3/kernel/usermain/usermain.o
 .data          0x80020000        0x0 ./mtkernel_3/kernel/tstdlib/bitop.o
 .data          0x80020000        0x0 ./mtkernel_3/kernel/tstdlib/string.o
 .data          0x80020000        0x0 ./mtkernel_3/kernel/tkernel/cpuctl.o
 .data          0x80020000        0x0 ./mtkernel_3/kernel/tkernel/device.o
 .data          0x80020000        0x0 ./mtkernel_3/kernel/tkernel/deviceio.o
 .data          0x80020000        0x0 ./mtkernel_3/kernel/tkernel/eventflag.o
 .data          0x80020000        0x0 ./mtkernel_3/kernel/tkernel/int.o
 .data          0x80020000        0x0 ./mtkernel_3/kernel/tkernel/klock.o
 .data          0x80020000        0x0 ./mtkernel_3/kernel/tkernel/mailbox.o
 .data          0x80020000        0x0 ./mtkernel_3/kernel/tkernel/memory.o
 .data          0x80020000        0x0 ./mtkernel_3/kernel/tkernel/mempfix.o
 .data          0x80020000        0x0 ./mtkernel_3/kernel/tkernel/mempool.o
 .data          0x80020000        0x0 ./mtkernel_3/kernel/tkernel/messagebuf.o
 .data          0x80020000        0x0 ./mtkernel_3/kernel/tkernel/misc_calls.o
 .data          0x80020000        0x0 ./mtkernel_3/kernel/tkernel/mutex.o
 .data          0x80020000        0x0 ./mtkernel_3/kernel/tkernel/objname.o
 .data          0x80020000        0x0 ./mtkernel_3/kernel/tkernel/power.o
 .data          0x80020000        0x0 ./mtkernel_3/kernel/tkernel/rendezvous.o
 .data          0x80020000        0x0 ./mtkernel_3/kernel/tkernel/semaphore.o
 .data          0x80020000        0x0 ./mtkernel_3/kernel/tkernel/task.o
 .data          0x80020000        0x0 ./mtkernel_3/kernel/tkernel/task_manage.o
 .data          0x80020000        0x0 ./mtkernel_3/kernel/tkernel/task_sync.o
 .data          0x80020000        0x0 ./mtkernel_3/kernel/tkernel/time_calls.o
 .data          0x80020000        0x0 ./mtkernel_3/kernel/tkernel/timer.o
 .data          0x80020000        0x0 ./mtkernel_3/kernel/tkernel/tkinit.o
 .data          0x80020000        0x0 ./mtkernel_3/kernel/tkernel/wait.o
 .data          0x80020000        0x0 ./mtkernel_3/kernel/sysinit/sysinit.o
 .data          0x80020000        0x0 ./mtkernel_3/kernel/inittask/inittask.o
 .data          0x80020000        0x0 ./mtkernel_3/device/common/drvif/msdrvif.o
 .data          0x80020000        0x0 ./mtkernel_3/device/adc/adc.o
 .data          0x80020000        0x0 ./mtkernel_3/device/i2c/i2c.o
 .data          0x80020000        0x0 ./mtkernel_3/device/ser/ser.o
 .data          0x80020000        0x0 ./mtkernel_3/lib/libtm/sysdepend/iote_riscv/tm_com.o
 .data          0x80020000        0x0 ./mtkernel_3/lib/libtm/sysdepend/no_device/tm_com.o
 .data          0x80020000        0x0 ./mtkernel_3/lib/libtk/sysdepend/cpu/core/riscv/int_riscv.o
 .data          0x80020000        0x0 ./mtkernel_3/lib/libtk/sysdepend/cpu/core/riscv/wusec_riscv.o
 .data          0x80020000        0x0 ./mtkernel_3/kernel/sysdepend/iote_riscv/cpu_clock.o
 .data          0x80020000        0x0 ./mtkernel_3/kernel/sysdepend/iote_riscv/devinit.o
 .data          0x80020000        0x0 ./mtkernel_3/kernel/sysdepend/iote_riscv/hw_setting.o
 .data          0x80020000        0x0 ./mtkernel_3/kernel/sysdepend/iote_riscv/power_save.o
 .data          0x80020000        0x0 ./mtkernel_3/kernel/sysdepend/cpu/core/riscv/cpu_cntl.o
 .data          0x80020000        0x0 ./mtkernel_3/kernel/sysdepend/cpu/core/riscv/dispatch.o
 .data          0x80020000        0x0 ./mtkernel_3/kernel/sysdepend/cpu/core/riscv/exc_hdr.o
 .data          0x80020000        0x0 ./mtkernel_3/kernel/sysdepend/cpu/core/riscv/interrupt.o
 .data          0x80020000        0x0 ./mtkernel_3/kernel/sysdepend/cpu/core/riscv/reset_hdl.o
 .data          0x80020000        0x0 ./mtkernel_3/kernel/sysdepend/cpu/core/riscv/startup.o
 .data          0x80020000        0x0 /var/archlab-modules/riscv-gnu-toolchain/2026.03.13/bin/../lib/gcc/riscv64-unknown-elf/15.2.0/../../../../riscv64-unknown-elf/lib/rv32imac/ilp32/libc.a(libc_a-memset.o)
 .data          0x80020000        0x0 /var/archlab-modules/riscv-gnu-toolchain/2026.03.13/bin/../lib/gcc/riscv64-unknown-elf/15.2.0/../../../../riscv64-unknown-elf/lib/rv32imac/ilp32/libc.a(libc_a-memcpy.o)
 *(.data.*)
 *(.sdata)
 *(.sdata.*)
                0x80020000                        . = ALIGN (0x4)
                0x80020000                        __data_end = .

.bss            0x80020000     0x2d70
                0x80020000                        __bss_start = .
                [!provide]                        PROVIDE (__noinit_start = .)
 *(.noinit)
 .noinit        0x80020000      0x264 ./mtkernel_3/kernel/tkernel/device.o
                0x80020000                knl_DevMgrLock
                0x80020010                knl_DefaultIDev
                0x80020014                knl_DevCBtbl
                0x80020254                knl_UsedDevCB
                0x8002025c                knl_FreeDevCB
 .noinit        0x80020264      0x75c ./mtkernel_3/kernel/tkernel/deviceio.o
                0x80020264                knl_OpnCBtbl
                0x80020664                knl_FreeOpnCB
                0x8002066c                knl_ReqCBtbl
                0x800209ac                knl_FreeReqCB
                0x800209b4                knl_resource_control_block
 .noinit        0x800209c0      0x188 ./mtkernel_3/kernel/tkernel/eventflag.o
                0x800209c0                knl_flgcb_table
                0x80020b40                knl_free_flgcb
 .noinit        0x80020b48       0xe8 ./mtkernel_3/kernel/tkernel/mailbox.o
                0x80020b48                knl_mbxcb_table
                0x80020c28                knl_free_mbxcb
 .noinit        0x80020c30        0x4 ./mtkernel_3/kernel/tkernel/memory.o
                0x80020c30                knl_imacb
 .noinit        0x80020c34      0x1c8 ./mtkernel_3/kernel/tkernel/mempfix.o
                0x80020c34                knl_mpfcb_table
                0x80020df4                knl_free_mpfcb
 .noinit        0x80020dfc       0xd8 ./mtkernel_3/kernel/tkernel/mempool.o
                0x80020dfc                knl_mplcb_table
                0x80020ecc                knl_free_mplcb
 .noinit        0x80020ed4      0x1a8 ./mtkernel_3/kernel/tkernel/messagebuf.o
                0x80020ed4                knl_mbfcb_table
                0x80021074                knl_free_mbfcb
 .noinit        0x8002107c       0x88 ./mtkernel_3/kernel/tkernel/mutex.o
                0x8002107c                knl_mtxcb_table
                0x800210fc                knl_free_mtxcb
 .noinit        0x80021104      0x1c8 ./mtkernel_3/kernel/tkernel/semaphore.o
                0x80021104                knl_semcb_table
                0x800212c4                knl_free_semcb
 .noinit        0x800212cc      0xf24 ./mtkernel_3/kernel/tkernel/task.o
                0x800212cc                knl_dispatch_disabled
                0x800212d0                knl_ctxtsk
                0x800212d4                knl_schedtsk
                0x800212d8                knl_ready_queue
                0x800213e8                knl_tcb_table
                0x800221e8                knl_free_tcb
 .noinit        0x800221f0      0x1d0 ./mtkernel_3/kernel/tkernel/time_calls.o
                0x800221f0                knl_cyccb_table
                0x80022290                knl_free_cyccb
                0x80022298                knl_almcb_table
                0x800223b8                knl_free_almcb
 .noinit        0x800223c0       0x18 ./mtkernel_3/kernel/tkernel/timer.o
                0x800223c0                knl_current_time
                0x800223c8                knl_real_time_ofs
                0x800223d0                knl_timer_queue
 .noinit        0x800223d8      0x100 ./mtkernel_3/kernel/sysdepend/cpu/core/riscv/cpu_cntl.o
                0x800223d8                knl_tmp_stack
 .noinit        0x800224d8       0x80 ./mtkernel_3/kernel/sysdepend/cpu/core/riscv/interrupt.o
 .noinit        0x80022558      0x800 ./mtkernel_3/kernel/sysdepend/cpu/core/riscv/reset_hdl.o
                0x80022558                knl_exc_stack
                [!provide]                        PROVIDE (__noinit_end = .)
 *(.bss)
 .bss           0x80022d58        0x0 ./mtkernel_3/lib/libtm/libtm.o
 .bss           0x80022d58        0x0 ./mtkernel_3/lib/libtm/libtm_printf.o
 .bss           0x80022d58        0x0 ./mtkernel_3/lib/libtk/fastlock.o
 .bss           0x80022d58        0x0 ./mtkernel_3/lib/libtk/fastmlock.o
 .bss           0x80022d58        0x0 ./mtkernel_3/lib/libtk/kmalloc.o
 .bss           0x80022d58        0x0 ./mtkernel_3/kernel/usermain/usermain.o
 .bss           0x80022d58        0x0 ./mtkernel_3/kernel/tstdlib/bitop.o
 .bss           0x80022d58        0x0 ./mtkernel_3/kernel/tstdlib/string.o
 .bss           0x80022d58        0x0 ./mtkernel_3/kernel/tkernel/cpuctl.o
 .bss           0x80022d58        0x0 ./mtkernel_3/kernel/tkernel/device.o
 .bss           0x80022d58        0x0 ./mtkernel_3/kernel/tkernel/deviceio.o
 .bss           0x80022d58        0x0 ./mtkernel_3/kernel/tkernel/eventflag.o
 .bss           0x80022d58        0x0 ./mtkernel_3/kernel/tkernel/int.o
 .bss           0x80022d58        0x0 ./mtkernel_3/kernel/tkernel/klock.o
 .bss           0x80022d58        0x0 ./mtkernel_3/kernel/tkernel/mailbox.o
 .bss           0x80022d58        0x0 ./mtkernel_3/kernel/tkernel/memory.o
 .bss           0x80022d58        0x0 ./mtkernel_3/kernel/tkernel/mempfix.o
 .bss           0x80022d58        0x0 ./mtkernel_3/kernel/tkernel/mempool.o
 .bss           0x80022d58        0x0 ./mtkernel_3/kernel/tkernel/messagebuf.o
 .bss           0x80022d58        0x0 ./mtkernel_3/kernel/tkernel/misc_calls.o
 .bss           0x80022d58        0x0 ./mtkernel_3/kernel/tkernel/mutex.o
 .bss           0x80022d58        0x0 ./mtkernel_3/kernel/tkernel/objname.o
 .bss           0x80022d58        0x0 ./mtkernel_3/kernel/tkernel/power.o
 .bss           0x80022d58        0x0 ./mtkernel_3/kernel/tkernel/rendezvous.o
 .bss           0x80022d58        0x0 ./mtkernel_3/kernel/tkernel/semaphore.o
 .bss           0x80022d58        0x0 ./mtkernel_3/kernel/tkernel/task.o
 .bss           0x80022d58        0x0 ./mtkernel_3/kernel/tkernel/task_manage.o
 .bss           0x80022d58        0x0 ./mtkernel_3/kernel/tkernel/task_sync.o
 .bss           0x80022d58        0x0 ./mtkernel_3/kernel/tkernel/time_calls.o
 .bss           0x80022d58        0x0 ./mtkernel_3/kernel/tkernel/timer.o
 .bss           0x80022d58        0x0 ./mtkernel_3/kernel/tkernel/tkinit.o
 .bss           0x80022d58        0x0 ./mtkernel_3/kernel/tkernel/wait.o
 .bss           0x80022d58        0x0 ./mtkernel_3/kernel/sysinit/sysinit.o
 .bss           0x80022d58        0x0 ./mtkernel_3/kernel/inittask/inittask.o
 .bss           0x80022d58        0x0 ./mtkernel_3/device/common/drvif/msdrvif.o
 .bss           0x80022d58        0x0 ./mtkernel_3/device/adc/adc.o
 .bss           0x80022d58        0x0 ./mtkernel_3/device/i2c/i2c.o
 .bss           0x80022d58        0x0 ./mtkernel_3/device/ser/ser.o
 .bss           0x80022d58        0x0 ./mtkernel_3/lib/libtm/sysdepend/iote_riscv/tm_com.o
 .bss           0x80022d58        0x0 ./mtkernel_3/lib/libtm/sysdepend/no_device/tm_com.o
 .bss           0x80022d58        0x0 ./mtkernel_3/lib/libtk/sysdepend/cpu/core/riscv/int_riscv.o
 .bss           0x80022d58        0x0 ./mtkernel_3/lib/libtk/sysdepend/cpu/core/riscv/wusec_riscv.o
 .bss           0x80022d58        0x0 ./mtkernel_3/kernel/sysdepend/iote_riscv/cpu_clock.o
 .bss           0x80022d58        0x0 ./mtkernel_3/kernel/sysdepend/iote_riscv/devinit.o
 .bss           0x80022d58        0x0 ./mtkernel_3/kernel/sysdepend/iote_riscv/hw_setting.o
 .bss           0x80022d58        0x0 ./mtkernel_3/kernel/sysdepend/iote_riscv/power_save.o
 .bss           0x80022d58        0x0 ./mtkernel_3/kernel/sysdepend/cpu/core/riscv/cpu_cntl.o
 .bss           0x80022d58        0x0 ./mtkernel_3/kernel/sysdepend/cpu/core/riscv/dispatch.o
 .bss           0x80022d58        0x0 ./mtkernel_3/kernel/sysdepend/cpu/core/riscv/exc_hdr.o
 .bss           0x80022d58        0x0 ./mtkernel_3/kernel/sysdepend/cpu/core/riscv/interrupt.o
 .bss           0x80022d58        0x0 ./mtkernel_3/kernel/sysdepend/cpu/core/riscv/reset_hdl.o
 .bss           0x80022d58        0x0 ./mtkernel_3/kernel/sysdepend/cpu/core/riscv/startup.o
 .bss           0x80022d58        0x0 /var/archlab-modules/riscv-gnu-toolchain/2026.03.13/bin/../lib/gcc/riscv64-unknown-elf/15.2.0/../../../../riscv64-unknown-elf/lib/rv32imac/ilp32/libc.a(libc_a-memset.o)
 .bss           0x80022d58        0x0 /var/archlab-modules/riscv-gnu-toolchain/2026.03.13/bin/../lib/gcc/riscv64-unknown-elf/15.2.0/../../../../riscv64-unknown-elf/lib/rv32imac/ilp32/libc.a(libc_a-memcpy.o)
 *(.bss.*)
 *(.sbss)
 .sbss          0x80022d58        0x4 ./mtkernel_3/kernel/tkernel/deviceio.o
                0x80022d58                knl_DisSusCnt
 .sbss          0x80022d5c        0x4 ./mtkernel_3/kernel/tkernel/power.o
                0x80022d5c                knl_lowpow_discnt
 .sbss          0x80022d60        0x4 ./mtkernel_3/kernel/sysdepend/cpu/core/riscv/cpu_cntl.o
                0x80022d60                knl_taskindp
 .sbss          0x80022d64        0x4 ./mtkernel_3/kernel/sysdepend/cpu/core/riscv/interrupt.o
                0x80022d64                knl_int_nest
 .sbss          0x80022d68        0x8 ./mtkernel_3/kernel/sysdepend/cpu/core/riscv/reset_hdl.o
                0x80022d68                knl_lowmem_top
                0x80022d6c                knl_lowmem_limit
 *(.sbss.*)
 *(COMMON)
                0x80022d70                        . = ALIGN (0x4)
                0x80022d70                        __bss_end = .
                0x80022d70                        __end = .
                0x80040000                        _stack_top = (ORIGIN (RAM) + LENGTH (RAM))
OUTPUT(mtkernel_3.elf elf32-littleriscv)

.debug_info     0x00000000    0x16321
 .debug_info    0x00000000      0x2a0 ./mtkernel_3/lib/libtm/libtm.o
 .debug_info    0x000002a0      0x451 ./mtkernel_3/lib/libtm/libtm_printf.o
 .debug_info    0x000006f1      0x3cf ./mtkernel_3/lib/libtk/fastlock.o
 .debug_info    0x00000ac0      0x526 ./mtkernel_3/lib/libtk/fastmlock.o
 .debug_info    0x00000fe6      0x1b8 ./mtkernel_3/lib/libtk/kmalloc.o
 .debug_info    0x0000119e       0xa1 ./mtkernel_3/kernel/usermain/usermain.o
 .debug_info    0x0000123f      0x1a8 ./mtkernel_3/kernel/tstdlib/bitop.o
 .debug_info    0x000013e7      0x2d0 ./mtkernel_3/kernel/tstdlib/string.o
 .debug_info    0x000016b7      0xab6 ./mtkernel_3/kernel/tkernel/cpuctl.o
 .debug_info    0x0000216d     0x1310 ./mtkernel_3/kernel/tkernel/device.o
 .debug_info    0x0000347d     0x18a7 ./mtkernel_3/kernel/tkernel/deviceio.o
 .debug_info    0x00004d24      0xfc2 ./mtkernel_3/kernel/tkernel/eventflag.o
 .debug_info    0x00005ce6      0x7bd ./mtkernel_3/kernel/tkernel/int.o
 .debug_info    0x000064a3      0xa15 ./mtkernel_3/kernel/tkernel/klock.o
 .debug_info    0x00006eb8      0xf4c ./mtkernel_3/kernel/tkernel/mailbox.o
 .debug_info    0x00007e04      0x57f ./mtkernel_3/kernel/tkernel/memory.o
 .debug_info    0x00008383     0x1074 ./mtkernel_3/kernel/tkernel/mempfix.o
 .debug_info    0x000093f7     0x1323 ./mtkernel_3/kernel/tkernel/mempool.o
 .debug_info    0x0000a71a     0x1313 ./mtkernel_3/kernel/tkernel/messagebuf.o
 .debug_info    0x0000ba2d      0x8ec ./mtkernel_3/kernel/tkernel/misc_calls.o
 .debug_info    0x0000c319     0x10f1 ./mtkernel_3/kernel/tkernel/mutex.o
 .debug_info    0x0000d40a      0x151 ./mtkernel_3/kernel/tkernel/objname.o
 .debug_info    0x0000d55b       0x9c ./mtkernel_3/kernel/tkernel/power.o
 .debug_info    0x0000d5f7       0x77 ./mtkernel_3/kernel/tkernel/rendezvous.o
 .debug_info    0x0000d66e      0xf1b ./mtkernel_3/kernel/tkernel/semaphore.o
 .debug_info    0x0000e589      0xd7d ./mtkernel_3/kernel/tkernel/task.o
 .debug_info    0x0000f306     0x1285 ./mtkernel_3/kernel/tkernel/task_manage.o
 .debug_info    0x0001058b      0xb07 ./mtkernel_3/kernel/tkernel/task_sync.o
 .debug_info    0x00011092     0x171a ./mtkernel_3/kernel/tkernel/time_calls.o
 .debug_info    0x000127ac      0xacc ./mtkernel_3/kernel/tkernel/timer.o
 .debug_info    0x00013278      0x11e ./mtkernel_3/kernel/tkernel/tkinit.o
 .debug_info    0x00013396      0xaff ./mtkernel_3/kernel/tkernel/wait.o
 .debug_info    0x00013e95      0x2a5 ./mtkernel_3/kernel/sysinit/sysinit.o
 .debug_info    0x0001413a      0x288 ./mtkernel_3/kernel/inittask/inittask.o
 .debug_info    0x000143c2      0x7a0 ./mtkernel_3/device/common/drvif/msdrvif.o
 .debug_info    0x00014b62       0x77 ./mtkernel_3/device/adc/adc.o
 .debug_info    0x00014bd9       0x77 ./mtkernel_3/device/i2c/i2c.o
 .debug_info    0x00014c50       0x77 ./mtkernel_3/device/ser/ser.o
 .debug_info    0x00014cc7      0x130 ./mtkernel_3/lib/libtm/sysdepend/iote_riscv/tm_com.o
 .debug_info    0x00014df7       0x77 ./mtkernel_3/lib/libtm/sysdepend/no_device/tm_com.o
 .debug_info    0x00014e6e      0x2a7 ./mtkernel_3/lib/libtk/sysdepend/cpu/core/riscv/int_riscv.o
 .debug_info    0x00015115      0x125 ./mtkernel_3/lib/libtk/sysdepend/cpu/core/riscv/wusec_riscv.o
 .debug_info    0x0001523a       0x91 ./mtkernel_3/kernel/sysdepend/iote_riscv/cpu_clock.o
 .debug_info    0x000152cb       0xd0 ./mtkernel_3/kernel/sysdepend/iote_riscv/devinit.o
 .debug_info    0x0001539b      0x176 ./mtkernel_3/kernel/sysdepend/iote_riscv/hw_setting.o
 .debug_info    0x00015511       0x9f ./mtkernel_3/kernel/sysdepend/iote_riscv/power_save.o
 .debug_info    0x000155b0      0x895 ./mtkernel_3/kernel/sysdepend/cpu/core/riscv/cpu_cntl.o
 .debug_info    0x00015e45       0x25 ./mtkernel_3/kernel/sysdepend/cpu/core/riscv/dispatch.o
 .debug_info    0x00015e6a      0x11a ./mtkernel_3/kernel/sysdepend/cpu/core/riscv/exc_hdr.o
 .debug_info    0x00015f84      0x1c4 ./mtkernel_3/kernel/sysdepend/cpu/core/riscv/interrupt.o
 .debug_info    0x00016148      0x1b5 ./mtkernel_3/kernel/sysdepend/cpu/core/riscv/reset_hdl.o
 .debug_info    0x000162fd       0x24 ./mtkernel_3/kernel/sysdepend/cpu/core/riscv/startup.o

.debug_abbrev   0x00000000     0x57a9
 .debug_abbrev  0x00000000      0x13c ./mtkernel_3/lib/libtm/libtm.o
 .debug_abbrev  0x0000013c      0x1d9 ./mtkernel_3/lib/libtm/libtm_printf.o
 .debug_abbrev  0x00000315      0x18c ./mtkernel_3/lib/libtk/fastlock.o
 .debug_abbrev  0x000004a1      0x19c ./mtkernel_3/lib/libtk/fastmlock.o
 .debug_abbrev  0x0000063d      0x100 ./mtkernel_3/lib/libtk/kmalloc.o
 .debug_abbrev  0x0000073d       0x56 ./mtkernel_3/kernel/usermain/usermain.o
 .debug_abbrev  0x00000793       0xe6 ./mtkernel_3/kernel/tstdlib/bitop.o
 .debug_abbrev  0x00000879       0xbc ./mtkernel_3/kernel/tstdlib/string.o
 .debug_abbrev  0x00000935      0x29f ./mtkernel_3/kernel/tkernel/cpuctl.o
 .debug_abbrev  0x00000bd4      0x3d9 ./mtkernel_3/kernel/tkernel/device.o
 .debug_abbrev  0x00000fad      0x45e ./mtkernel_3/kernel/tkernel/deviceio.o
 .debug_abbrev  0x0000140b      0x32a ./mtkernel_3/kernel/tkernel/eventflag.o
 .debug_abbrev  0x00001735      0x228 ./mtkernel_3/kernel/tkernel/int.o
 .debug_abbrev  0x0000195d      0x2aa ./mtkernel_3/kernel/tkernel/klock.o
 .debug_abbrev  0x00001c07      0x31e ./mtkernel_3/kernel/tkernel/mailbox.o
 .debug_abbrev  0x00001f25      0x25d ./mtkernel_3/kernel/tkernel/memory.o
 .debug_abbrev  0x00002182      0x33b ./mtkernel_3/kernel/tkernel/mempfix.o
 .debug_abbrev  0x000024bd      0x382 ./mtkernel_3/kernel/tkernel/mempool.o
 .debug_abbrev  0x0000283f      0x365 ./mtkernel_3/kernel/tkernel/messagebuf.o
 .debug_abbrev  0x00002ba4      0x235 ./mtkernel_3/kernel/tkernel/misc_calls.o
 .debug_abbrev  0x00002dd9      0x37f ./mtkernel_3/kernel/tkernel/mutex.o
 .debug_abbrev  0x00003158       0xa0 ./mtkernel_3/kernel/tkernel/objname.o
 .debug_abbrev  0x000031f8       0x57 ./mtkernel_3/kernel/tkernel/power.o
 .debug_abbrev  0x0000324f       0x28 ./mtkernel_3/kernel/tkernel/rendezvous.o
 .debug_abbrev  0x00003277      0x32a ./mtkernel_3/kernel/tkernel/semaphore.o
 .debug_abbrev  0x000035a1      0x31c ./mtkernel_3/kernel/tkernel/task.o
 .debug_abbrev  0x000038bd      0x389 ./mtkernel_3/kernel/tkernel/task_manage.o
 .debug_abbrev  0x00003c46      0x2d1 ./mtkernel_3/kernel/tkernel/task_sync.o
 .debug_abbrev  0x00003f17      0x3a8 ./mtkernel_3/kernel/tkernel/time_calls.o
 .debug_abbrev  0x000042bf      0x2ad ./mtkernel_3/kernel/tkernel/timer.o
 .debug_abbrev  0x0000456c       0x7f ./mtkernel_3/kernel/tkernel/tkinit.o
 .debug_abbrev  0x000045eb      0x263 ./mtkernel_3/kernel/tkernel/wait.o
 .debug_abbrev  0x0000484e      0x178 ./mtkernel_3/kernel/sysinit/sysinit.o
 .debug_abbrev  0x000049c6      0x162 ./mtkernel_3/kernel/inittask/inittask.o
 .debug_abbrev  0x00004b28      0x253 ./mtkernel_3/device/common/drvif/msdrvif.o
 .debug_abbrev  0x00004d7b       0x28 ./mtkernel_3/device/adc/adc.o
 .debug_abbrev  0x00004da3       0x28 ./mtkernel_3/device/i2c/i2c.o
 .debug_abbrev  0x00004dcb       0x28 ./mtkernel_3/device/ser/ser.o
 .debug_abbrev  0x00004df3       0xde ./mtkernel_3/lib/libtm/sysdepend/iote_riscv/tm_com.o
 .debug_abbrev  0x00004ed1       0x28 ./mtkernel_3/lib/libtm/sysdepend/no_device/tm_com.o
 .debug_abbrev  0x00004ef9       0xf8 ./mtkernel_3/lib/libtk/sysdepend/cpu/core/riscv/int_riscv.o
 .debug_abbrev  0x00004ff1       0xb7 ./mtkernel_3/lib/libtk/sysdepend/cpu/core/riscv/wusec_riscv.o
 .debug_abbrev  0x000050a8       0x45 ./mtkernel_3/kernel/sysdepend/iote_riscv/cpu_clock.o
 .debug_abbrev  0x000050ed       0x59 ./mtkernel_3/kernel/sysdepend/iote_riscv/devinit.o
 .debug_abbrev  0x00005146      0x11c ./mtkernel_3/kernel/sysdepend/iote_riscv/hw_setting.o
 .debug_abbrev  0x00005262       0x47 ./mtkernel_3/kernel/sysdepend/iote_riscv/power_save.o
 .debug_abbrev  0x000052a9      0x1eb ./mtkernel_3/kernel/sysdepend/cpu/core/riscv/cpu_cntl.o
 .debug_abbrev  0x00005494       0x14 ./mtkernel_3/kernel/sysdepend/cpu/core/riscv/dispatch.o
 .debug_abbrev  0x000054a8       0xc3 ./mtkernel_3/kernel/sysdepend/cpu/core/riscv/exc_hdr.o
 .debug_abbrev  0x0000556b      0x11f ./mtkernel_3/kernel/sysdepend/cpu/core/riscv/interrupt.o
 .debug_abbrev  0x0000568a      0x10b ./mtkernel_3/kernel/sysdepend/cpu/core/riscv/reset_hdl.o
 .debug_abbrev  0x00005795       0x14 ./mtkernel_3/kernel/sysdepend/cpu/core/riscv/startup.o

.debug_aranges  0x00000000      0x650
 .debug_aranges
                0x00000000       0x20 ./mtkernel_3/lib/libtm/libtm.o
 .debug_aranges
                0x00000020       0x20 ./mtkernel_3/lib/libtm/libtm_printf.o
 .debug_aranges
                0x00000040       0x20 ./mtkernel_3/lib/libtk/fastlock.o
 .debug_aranges
                0x00000060       0x20 ./mtkernel_3/lib/libtk/fastmlock.o
 .debug_aranges
                0x00000080       0x20 ./mtkernel_3/lib/libtk/kmalloc.o
 .debug_aranges
                0x000000a0       0x20 ./mtkernel_3/kernel/usermain/usermain.o
 .debug_aranges
                0x000000c0       0x20 ./mtkernel_3/kernel/tstdlib/bitop.o
 .debug_aranges
                0x000000e0       0x20 ./mtkernel_3/kernel/tstdlib/string.o
 .debug_aranges
                0x00000100       0x20 ./mtkernel_3/kernel/tkernel/cpuctl.o
 .debug_aranges
                0x00000120       0x20 ./mtkernel_3/kernel/tkernel/device.o
 .debug_aranges
                0x00000140       0x20 ./mtkernel_3/kernel/tkernel/deviceio.o
 .debug_aranges
                0x00000160       0x20 ./mtkernel_3/kernel/tkernel/eventflag.o
 .debug_aranges
                0x00000180       0x20 ./mtkernel_3/kernel/tkernel/int.o
 .debug_aranges
                0x000001a0       0x20 ./mtkernel_3/kernel/tkernel/klock.o
 .debug_aranges
                0x000001c0       0x20 ./mtkernel_3/kernel/tkernel/mailbox.o
 .debug_aranges
                0x000001e0       0x20 ./mtkernel_3/kernel/tkernel/memory.o
 .debug_aranges
                0x00000200       0x20 ./mtkernel_3/kernel/tkernel/mempfix.o
 .debug_aranges
                0x00000220       0x20 ./mtkernel_3/kernel/tkernel/mempool.o
 .debug_aranges
                0x00000240       0x20 ./mtkernel_3/kernel/tkernel/messagebuf.o
 .debug_aranges
                0x00000260       0x20 ./mtkernel_3/kernel/tkernel/misc_calls.o
 .debug_aranges
                0x00000280       0x20 ./mtkernel_3/kernel/tkernel/mutex.o
 .debug_aranges
                0x000002a0       0x20 ./mtkernel_3/kernel/tkernel/objname.o
 .debug_aranges
                0x000002c0       0x18 ./mtkernel_3/kernel/tkernel/power.o
 .debug_aranges
                0x000002d8       0x18 ./mtkernel_3/kernel/tkernel/rendezvous.o
 .debug_aranges
                0x000002f0       0x20 ./mtkernel_3/kernel/tkernel/semaphore.o
 .debug_aranges
                0x00000310       0x20 ./mtkernel_3/kernel/tkernel/task.o
 .debug_aranges
                0x00000330       0x20 ./mtkernel_3/kernel/tkernel/task_manage.o
 .debug_aranges
                0x00000350       0x20 ./mtkernel_3/kernel/tkernel/task_sync.o
 .debug_aranges
                0x00000370       0x20 ./mtkernel_3/kernel/tkernel/time_calls.o
 .debug_aranges
                0x00000390       0x20 ./mtkernel_3/kernel/tkernel/timer.o
 .debug_aranges
                0x000003b0       0x20 ./mtkernel_3/kernel/tkernel/tkinit.o
 .debug_aranges
                0x000003d0       0x20 ./mtkernel_3/kernel/tkernel/wait.o
 .debug_aranges
                0x000003f0       0x20 ./mtkernel_3/kernel/sysinit/sysinit.o
 .debug_aranges
                0x00000410       0x20 ./mtkernel_3/kernel/inittask/inittask.o
 .debug_aranges
                0x00000430       0x20 ./mtkernel_3/device/common/drvif/msdrvif.o
 .debug_aranges
                0x00000450       0x18 ./mtkernel_3/device/adc/adc.o
 .debug_aranges
                0x00000468       0x18 ./mtkernel_3/device/i2c/i2c.o
 .debug_aranges
                0x00000480       0x18 ./mtkernel_3/device/ser/ser.o
 .debug_aranges
                0x00000498       0x20 ./mtkernel_3/lib/libtm/sysdepend/iote_riscv/tm_com.o
 .debug_aranges
                0x000004b8       0x18 ./mtkernel_3/lib/libtm/sysdepend/no_device/tm_com.o
 .debug_aranges
                0x000004d0       0x20 ./mtkernel_3/lib/libtk/sysdepend/cpu/core/riscv/int_riscv.o
 .debug_aranges
                0x000004f0       0x20 ./mtkernel_3/lib/libtk/sysdepend/cpu/core/riscv/wusec_riscv.o
 .debug_aranges
                0x00000510       0x20 ./mtkernel_3/kernel/sysdepend/iote_riscv/cpu_clock.o
 .debug_aranges
                0x00000530       0x20 ./mtkernel_3/kernel/sysdepend/iote_riscv/devinit.o
 .debug_aranges
                0x00000550       0x20 ./mtkernel_3/kernel/sysdepend/iote_riscv/hw_setting.o
 .debug_aranges
                0x00000570       0x20 ./mtkernel_3/kernel/sysdepend/iote_riscv/power_save.o
 .debug_aranges
                0x00000590       0x20 ./mtkernel_3/kernel/sysdepend/cpu/core/riscv/cpu_cntl.o
 .debug_aranges
                0x000005b0       0x20 ./mtkernel_3/kernel/sysdepend/cpu/core/riscv/dispatch.o
 .debug_aranges
                0x000005d0       0x20 ./mtkernel_3/kernel/sysdepend/cpu/core/riscv/exc_hdr.o
 .debug_aranges
                0x000005f0       0x20 ./mtkernel_3/kernel/sysdepend/cpu/core/riscv/interrupt.o
 .debug_aranges
                0x00000610       0x20 ./mtkernel_3/kernel/sysdepend/cpu/core/riscv/reset_hdl.o
 .debug_aranges
                0x00000630       0x20 ./mtkernel_3/kernel/sysdepend/cpu/core/riscv/startup.o

.debug_macro    0x00000000     0x9394
 .debug_macro   0x00000000      0x169 ./mtkernel_3/lib/libtm/libtm.o
 .debug_macro   0x00000169      0x862 ./mtkernel_3/lib/libtm/libtm.o
 .debug_macro   0x000009cb       0x22 ./mtkernel_3/lib/libtm/libtm.o
 .debug_macro   0x000009ed       0x10 ./mtkernel_3/lib/libtm/libtm.o
 .debug_macro   0x000009fd       0x34 ./mtkernel_3/lib/libtm/libtm.o
 .debug_macro   0x00000a31      0x177 ./mtkernel_3/lib/libtm/libtm.o
 .debug_macro   0x00000ba8      0x2af ./mtkernel_3/lib/libtm/libtm.o
 .debug_macro   0x00000e57      0x190 ./mtkernel_3/lib/libtm/libtm.o
 .debug_macro   0x00000fe7      0x34e ./mtkernel_3/lib/libtm/libtm.o
 .debug_macro   0x00001335       0x40 ./mtkernel_3/lib/libtm/libtm.o
 .debug_macro   0x00001375       0xac ./mtkernel_3/lib/libtm/libtm.o
 .debug_macro   0x00001421       0x1c ./mtkernel_3/lib/libtm/libtm.o
 .debug_macro   0x0000143d       0x5e ./mtkernel_3/lib/libtm/libtm.o
 .debug_macro   0x0000149b      0x238 ./mtkernel_3/lib/libtm/libtm.o
 .debug_macro   0x000016d3       0x16 ./mtkernel_3/lib/libtm/libtm.o
 .debug_macro   0x000016e9       0x9a ./mtkernel_3/lib/libtm/libtm.o
 .debug_macro   0x00001783       0xa6 ./mtkernel_3/lib/libtm/libtm.o
 .debug_macro   0x00001829       0x1c ./mtkernel_3/lib/libtm/libtm.o
 .debug_macro   0x00001845       0x16 ./mtkernel_3/lib/libtm/libtm.o
 .debug_macro   0x0000185b      0x398 ./mtkernel_3/lib/libtm/libtm.o
 .debug_macro   0x00001bf3       0x1c ./mtkernel_3/lib/libtm/libtm.o
 .debug_macro   0x00001c0f       0x2e ./mtkernel_3/lib/libtm/libtm.o
 .debug_macro   0x00001c3d       0x19 ./mtkernel_3/lib/libtm/libtm.o
 .debug_macro   0x00001c56       0x22 ./mtkernel_3/lib/libtm/libtm.o
 .debug_macro   0x00001c78       0x16 ./mtkernel_3/lib/libtm/libtm.o
 .debug_macro   0x00001c8e      0x196 ./mtkernel_3/lib/libtm/libtm_printf.o
 .debug_macro   0x00001e24       0x58 ./mtkernel_3/lib/libtm/libtm_printf.o
 .debug_macro   0x00001e7c      0x14d ./mtkernel_3/lib/libtk/fastlock.o
 .debug_macro   0x00001fc9      0x14d ./mtkernel_3/lib/libtk/fastmlock.o
 .debug_macro   0x00002116      0x14d ./mtkernel_3/lib/libtk/kmalloc.o
 .debug_macro   0x00002263      0x157 ./mtkernel_3/kernel/usermain/usermain.o
 .debug_macro   0x000023ba      0x159 ./mtkernel_3/kernel/tstdlib/bitop.o
 .debug_macro   0x00002513      0x247 ./mtkernel_3/kernel/tstdlib/string.o
 .debug_macro   0x0000275a       0x16 ./mtkernel_3/kernel/tstdlib/string.o
 .debug_macro   0x00002770       0x46 ./mtkernel_3/kernel/tstdlib/string.o
 .debug_macro   0x000027b6       0x94 ./mtkernel_3/kernel/tstdlib/string.o
 .debug_macro   0x0000284a       0x22 ./mtkernel_3/kernel/tstdlib/string.o
 .debug_macro   0x0000286c       0x1c ./mtkernel_3/kernel/tstdlib/string.o
 .debug_macro   0x00002888       0x52 ./mtkernel_3/kernel/tstdlib/string.o
 .debug_macro   0x000028da       0x1c ./mtkernel_3/kernel/tstdlib/string.o
 .debug_macro   0x000028f6       0x2e ./mtkernel_3/kernel/tstdlib/string.o
 .debug_macro   0x00002924      0x26c ./mtkernel_3/kernel/tkernel/cpuctl.o
 .debug_macro   0x00002b90       0x22 ./mtkernel_3/kernel/tkernel/cpuctl.o
 .debug_macro   0x00002bb2       0x10 ./mtkernel_3/kernel/tkernel/cpuctl.o
 .debug_macro   0x00002bc2       0xab ./mtkernel_3/kernel/tkernel/cpuctl.o
 .debug_macro   0x00002c6d      0x268 ./mtkernel_3/kernel/tkernel/device.o
 .debug_macro   0x00002ed5       0x46 ./mtkernel_3/kernel/tkernel/device.o
 .debug_macro   0x00002f1b       0x40 ./mtkernel_3/kernel/tkernel/device.o
 .debug_macro   0x00002f5b       0x6a ./mtkernel_3/kernel/tkernel/device.o
 .debug_macro   0x00002fc5      0x268 ./mtkernel_3/kernel/tkernel/deviceio.o
 .debug_macro   0x0000322d      0x283 ./mtkernel_3/kernel/tkernel/eventflag.o
 .debug_macro   0x000034b0       0x10 ./mtkernel_3/kernel/tkernel/eventflag.o
 .debug_macro   0x000034c0      0x250 ./mtkernel_3/kernel/tkernel/int.o
 .debug_macro   0x00003710      0x264 ./mtkernel_3/kernel/tkernel/klock.o
 .debug_macro   0x00003974      0x283 ./mtkernel_3/kernel/tkernel/mailbox.o
 .debug_macro   0x00003bf7       0x1c ./mtkernel_3/kernel/tkernel/mailbox.o
 .debug_macro   0x00003c13      0x25f ./mtkernel_3/kernel/tkernel/memory.o
 .debug_macro   0x00003e72       0x58 ./mtkernel_3/kernel/tkernel/memory.o
 .debug_macro   0x00003eca      0x28d ./mtkernel_3/kernel/tkernel/mempfix.o
 .debug_macro   0x00004157       0x1c ./mtkernel_3/kernel/tkernel/mempfix.o
 .debug_macro   0x00004173      0x29b ./mtkernel_3/kernel/tkernel/mempool.o
 .debug_macro   0x0000440e       0x10 ./mtkernel_3/kernel/tkernel/mempool.o
 .debug_macro   0x0000441e      0x283 ./mtkernel_3/kernel/tkernel/messagebuf.o
 .debug_macro   0x000046a1       0x22 ./mtkernel_3/kernel/tkernel/messagebuf.o
 .debug_macro   0x000046c3      0x250 ./mtkernel_3/kernel/tkernel/misc_calls.o
 .debug_macro   0x00004913      0x27e ./mtkernel_3/kernel/tkernel/mutex.o
 .debug_macro   0x00004b91      0x247 ./mtkernel_3/kernel/tkernel/objname.o
 .debug_macro   0x00004dd8      0x250 ./mtkernel_3/kernel/tkernel/power.o
 .debug_macro   0x00005028      0x283 ./mtkernel_3/kernel/tkernel/rendezvous.o
 .debug_macro   0x000052ab       0x10 ./mtkernel_3/kernel/tkernel/rendezvous.o
 .debug_macro   0x000052bb      0x283 ./mtkernel_3/kernel/tkernel/semaphore.o
 .debug_macro   0x0000553e       0x10 ./mtkernel_3/kernel/tkernel/semaphore.o
 .debug_macro   0x0000554e      0x388 ./mtkernel_3/kernel/tkernel/task.o
 .debug_macro   0x000058d6       0x1c ./mtkernel_3/kernel/tkernel/task.o
 .debug_macro   0x000058f2       0x22 ./mtkernel_3/kernel/tkernel/task.o
 .debug_macro   0x00005914       0x61 ./mtkernel_3/kernel/tkernel/task.o
 .debug_macro   0x00005975       0x19 ./mtkernel_3/kernel/tkernel/task.o
 .debug_macro   0x0000598e       0x94 ./mtkernel_3/kernel/tkernel/task.o
 .debug_macro   0x00005a22       0x3b ./mtkernel_3/kernel/tkernel/task.o
 .debug_macro   0x00005a5d       0x34 ./mtkernel_3/kernel/tkernel/task.o
 .debug_macro   0x00005a91       0x57 ./mtkernel_3/kernel/tkernel/task.o
 .debug_macro   0x00005ae8      0x364 ./mtkernel_3/kernel/tkernel/task.o
 .debug_macro   0x00005e4c       0x16 ./mtkernel_3/kernel/tkernel/task.o
 .debug_macro   0x00005e62       0x4a ./mtkernel_3/kernel/tkernel/task.o
 .debug_macro   0x00005eac       0x34 ./mtkernel_3/kernel/tkernel/task.o
 .debug_macro   0x00005ee0       0x10 ./mtkernel_3/kernel/tkernel/task.o
 .debug_macro   0x00005ef0       0x52 ./mtkernel_3/kernel/tkernel/task.o
 .debug_macro   0x00005f42      0x1e5 ./mtkernel_3/kernel/tkernel/task.o
 .debug_macro   0x00006127       0x10 ./mtkernel_3/kernel/tkernel/task.o
 .debug_macro   0x00006137       0x3c ./mtkernel_3/kernel/tkernel/task.o
 .debug_macro   0x00006173      0x388 ./mtkernel_3/kernel/tkernel/task_manage.o
 .debug_macro   0x000064fb      0x283 ./mtkernel_3/kernel/tkernel/task_sync.o
 .debug_macro   0x0000677e      0x2a9 ./mtkernel_3/kernel/tkernel/time_calls.o
 .debug_macro   0x00006a27       0x1c ./mtkernel_3/kernel/tkernel/time_calls.o
 .debug_macro   0x00006a43       0x1c ./mtkernel_3/kernel/tkernel/time_calls.o
 .debug_macro   0x00006a5f       0x28 ./mtkernel_3/kernel/tkernel/time_calls.o
 .debug_macro   0x00006a87      0x271 ./mtkernel_3/kernel/tkernel/timer.o
 .debug_macro   0x00006cf8      0x24b ./mtkernel_3/kernel/tkernel/tkinit.o
 .debug_macro   0x00006f43      0x271 ./mtkernel_3/kernel/tkernel/wait.o
 .debug_macro   0x000071b4      0x247 ./mtkernel_3/kernel/sysinit/sysinit.o
 .debug_macro   0x000073fb      0x249 ./mtkernel_3/kernel/inittask/inittask.o
 .debug_macro   0x00007644       0x2e ./mtkernel_3/kernel/inittask/inittask.o
 .debug_macro   0x00007672       0x10 ./mtkernel_3/kernel/inittask/inittask.o
 .debug_macro   0x00007682      0x163 ./mtkernel_3/device/common/drvif/msdrvif.o
 .debug_macro   0x000077e5      0x157 ./mtkernel_3/device/adc/adc.o
 .debug_macro   0x0000793c      0x157 ./mtkernel_3/device/i2c/i2c.o
 .debug_macro   0x00007a93      0x157 ./mtkernel_3/device/ser/ser.o
 .debug_macro   0x00007bea      0x16b ./mtkernel_3/lib/libtm/sysdepend/iote_riscv/tm_com.o
 .debug_macro   0x00007d55      0x15f ./mtkernel_3/lib/libtm/sysdepend/no_device/tm_com.o
 .debug_macro   0x00007eb4      0x14d ./mtkernel_3/lib/libtk/sysdepend/cpu/core/riscv/int_riscv.o
 .debug_macro   0x00008001      0x14d ./mtkernel_3/lib/libtk/sysdepend/cpu/core/riscv/wusec_riscv.o
 .debug_macro   0x0000814e      0x14d ./mtkernel_3/kernel/sysdepend/iote_riscv/cpu_clock.o
 .debug_macro   0x0000829b      0x247 ./mtkernel_3/kernel/sysdepend/iote_riscv/devinit.o
 .debug_macro   0x000084e2      0x24b ./mtkernel_3/kernel/sysdepend/iote_riscv/hw_setting.o
 .debug_macro   0x0000872d      0x247 ./mtkernel_3/kernel/sysdepend/iote_riscv/power_save.o
 .debug_macro   0x00008974      0x33c ./mtkernel_3/kernel/sysdepend/cpu/core/riscv/cpu_cntl.o
 .debug_macro   0x00008cb0      0x24a ./mtkernel_3/kernel/sysdepend/cpu/core/riscv/exc_hdr.o
 .debug_macro   0x00008efa      0x24f ./mtkernel_3/kernel/sysdepend/cpu/core/riscv/interrupt.o
 .debug_macro   0x00009149      0x24b ./mtkernel_3/kernel/sysdepend/cpu/core/riscv/reset_hdl.o

.debug_line     0x00000000    0x14ed1
 .debug_line    0x00000000      0x31f ./mtkernel_3/lib/libtm/libtm.o
 .debug_line    0x0000031f      0xa20 ./mtkernel_3/lib/libtm/libtm_printf.o
 .debug_line    0x00000d3f      0x2ce ./mtkernel_3/lib/libtk/fastlock.o
 .debug_line    0x0000100d      0x3f4 ./mtkernel_3/lib/libtk/fastmlock.o
 .debug_line    0x00001401      0x15c ./mtkernel_3/lib/libtk/kmalloc.o
 .debug_line    0x0000155d      0x123 ./mtkernel_3/kernel/usermain/usermain.o
 .debug_line    0x00001680      0x29c ./mtkernel_3/kernel/tstdlib/bitop.o
 .debug_line    0x0000191c      0x4e8 ./mtkernel_3/kernel/tstdlib/string.o
 .debug_line    0x00001e04      0x73c ./mtkernel_3/kernel/tkernel/cpuctl.o
 .debug_line    0x00002540      0xcd1 ./mtkernel_3/kernel/tkernel/device.o
 .debug_line    0x00003211     0x170f ./mtkernel_3/kernel/tkernel/deviceio.o
 .debug_line    0x00004920      0xd36 ./mtkernel_3/kernel/tkernel/eventflag.o
 .debug_line    0x00005656      0x2b5 ./mtkernel_3/kernel/tkernel/int.o
 .debug_line    0x0000590b      0x619 ./mtkernel_3/kernel/tkernel/klock.o
 .debug_line    0x00005f24      0xbac ./mtkernel_3/kernel/tkernel/mailbox.o
 .debug_line    0x00006ad0      0x97e ./mtkernel_3/kernel/tkernel/memory.o
 .debug_line    0x0000744e      0xe5b ./mtkernel_3/kernel/tkernel/mempfix.o
 .debug_line    0x000082a9     0x1382 ./mtkernel_3/kernel/tkernel/mempool.o
 .debug_line    0x0000962b     0x136c ./mtkernel_3/kernel/tkernel/messagebuf.o
 .debug_line    0x0000a997      0x593 ./mtkernel_3/kernel/tkernel/misc_calls.o
 .debug_line    0x0000af2a     0x11b2 ./mtkernel_3/kernel/tkernel/mutex.o
 .debug_line    0x0000c0dc      0x1bf ./mtkernel_3/kernel/tkernel/objname.o
 .debug_line    0x0000c29b      0x18b ./mtkernel_3/kernel/tkernel/power.o
 .debug_line    0x0000c426      0x1a4 ./mtkernel_3/kernel/tkernel/rendezvous.o
 .debug_line    0x0000c5ca      0xcca ./mtkernel_3/kernel/tkernel/semaphore.o
 .debug_line    0x0000d294      0x9c1 ./mtkernel_3/kernel/tkernel/task.o
 .debug_line    0x0000dc55     0x14e3 ./mtkernel_3/kernel/tkernel/task_manage.o
 .debug_line    0x0000f138      0xc60 ./mtkernel_3/kernel/tkernel/task_sync.o
 .debug_line    0x0000fd98     0x1731 ./mtkernel_3/kernel/tkernel/time_calls.o
 .debug_line    0x000114c9      0x6f7 ./mtkernel_3/kernel/tkernel/timer.o
 .debug_line    0x00011bc0      0x315 ./mtkernel_3/kernel/tkernel/tkinit.o
 .debug_line    0x00011ed5      0x69f ./mtkernel_3/kernel/tkernel/wait.o
 .debug_line    0x00012574      0x2c4 ./mtkernel_3/kernel/sysinit/sysinit.o
 .debug_line    0x00012838      0x263 ./mtkernel_3/kernel/inittask/inittask.o
 .debug_line    0x00012a9b      0x445 ./mtkernel_3/device/common/drvif/msdrvif.o
 .debug_line    0x00012ee0      0x101 ./mtkernel_3/device/adc/adc.o
 .debug_line    0x00012fe1      0x101 ./mtkernel_3/device/i2c/i2c.o
 .debug_line    0x000130e2      0x101 ./mtkernel_3/device/ser/ser.o
 .debug_line    0x000131e3      0x1ac ./mtkernel_3/lib/libtm/sysdepend/iote_riscv/tm_com.o
 .debug_line    0x0001338f      0x106 ./mtkernel_3/lib/libtm/sysdepend/no_device/tm_com.o
 .debug_line    0x00013495      0x192 ./mtkernel_3/lib/libtk/sysdepend/cpu/core/riscv/int_riscv.o
 .debug_line    0x00013627      0x1c8 ./mtkernel_3/lib/libtk/sysdepend/cpu/core/riscv/wusec_riscv.o
 .debug_line    0x000137ef      0x10e ./mtkernel_3/kernel/sysdepend/iote_riscv/cpu_clock.o
 .debug_line    0x000138fd      0x1d2 ./mtkernel_3/kernel/sysdepend/iote_riscv/devinit.o
 .debug_line    0x00013acf      0x22f ./mtkernel_3/kernel/sysdepend/iote_riscv/hw_setting.o
 .debug_line    0x00013cfe      0x1b2 ./mtkernel_3/kernel/sysdepend/iote_riscv/power_save.o
 .debug_line    0x00013eb0      0x37c ./mtkernel_3/kernel/sysdepend/cpu/core/riscv/cpu_cntl.o
 .debug_line    0x0001422c      0x584 ./mtkernel_3/kernel/sysdepend/cpu/core/riscv/dispatch.o
 .debug_line    0x000147b0      0x1b7 ./mtkernel_3/kernel/sysdepend/cpu/core/riscv/exc_hdr.o
 .debug_line    0x00014967      0x277 ./mtkernel_3/kernel/sysdepend/cpu/core/riscv/interrupt.o
 .debug_line    0x00014bde      0x28d ./mtkernel_3/kernel/sysdepend/cpu/core/riscv/reset_hdl.o
 .debug_line    0x00014e6b       0x66 ./mtkernel_3/kernel/sysdepend/cpu/core/riscv/startup.o

.debug_str      0x00000000     0xdbc9
 .debug_str     0x00000000     0xdbc9 ./mtkernel_3/lib/libtm/libtm.o
                               0x6753 (size before relaxing)
 .debug_str     0x0000dbc9        0x0 ./mtkernel_3/lib/libtm/libtm_printf.o
                               0x6909 (size before relaxing)
 .debug_str     0x0000dbc9        0x0 ./mtkernel_3/lib/libtk/fastlock.o
                               0x66f1 (size before relaxing)
 .debug_str     0x0000dbc9        0x0 ./mtkernel_3/lib/libtk/fastmlock.o
                               0x66fd (size before relaxing)
 .debug_str     0x0000dbc9        0x0 ./mtkernel_3/lib/libtk/kmalloc.o
                               0x6681 (size before relaxing)
 .debug_str     0x0000dbc9        0x0 ./mtkernel_3/kernel/usermain/usermain.o
                               0x6635 (size before relaxing)
 .debug_str     0x0000dbc9        0x0 ./mtkernel_3/kernel/tstdlib/bitop.o
                               0x66b3 (size before relaxing)
 .debug_str     0x0000dbc9        0x0 ./mtkernel_3/kernel/tstdlib/string.o
                               0x71a7 (size before relaxing)
 .debug_str     0x0000dbc9        0x0 ./mtkernel_3/kernel/tkernel/cpuctl.o
                               0x7d17 (size before relaxing)
 .debug_str     0x0000dbc9        0x0 ./mtkernel_3/kernel/tkernel/device.o
                               0x7bd6 (size before relaxing)
 .debug_str     0x0000dbc9        0x0 ./mtkernel_3/kernel/tkernel/deviceio.o
                               0x7cef (size before relaxing)
 .debug_str     0x0000dbc9        0x0 ./mtkernel_3/kernel/tkernel/eventflag.o
                               0x7ebd (size before relaxing)
 .debug_str     0x0000dbc9        0x0 ./mtkernel_3/kernel/tkernel/int.o
                               0x7b26 (size before relaxing)
 .debug_str     0x0000dbc9        0x0 ./mtkernel_3/kernel/tkernel/klock.o
                               0x7582 (size before relaxing)
 .debug_str     0x0000dbc9        0x0 ./mtkernel_3/kernel/tkernel/mailbox.o
                               0x7f2b (size before relaxing)
 .debug_str     0x0000dbc9        0x0 ./mtkernel_3/kernel/tkernel/memory.o
                               0x76a5 (size before relaxing)
 .debug_str     0x0000dbc9        0x0 ./mtkernel_3/kernel/tkernel/mempfix.o
                               0x7fc9 (size before relaxing)
 .debug_str     0x0000dbc9        0x0 ./mtkernel_3/kernel/tkernel/mempool.o
                               0x83a2 (size before relaxing)
 .debug_str     0x0000dbc9        0x0 ./mtkernel_3/kernel/tkernel/messagebuf.o
                               0x802d (size before relaxing)
 .debug_str     0x0000dbc9        0x0 ./mtkernel_3/kernel/tkernel/misc_calls.o
                               0x7b85 (size before relaxing)
 .debug_str     0x0000dbc9        0x0 ./mtkernel_3/kernel/tkernel/mutex.o
                               0x7f1b (size before relaxing)
 .debug_str     0x0000dbc9        0x0 ./mtkernel_3/kernel/tkernel/objname.o
                               0x716b (size before relaxing)
 .debug_str     0x0000dbc9        0x0 ./mtkernel_3/kernel/tkernel/power.o
                               0x7815 (size before relaxing)
 .debug_str     0x0000dbc9        0x0 ./mtkernel_3/kernel/tkernel/rendezvous.o
                               0x797a (size before relaxing)
 .debug_str     0x0000dbc9        0x0 ./mtkernel_3/kernel/tkernel/semaphore.o
                               0x7eb3 (size before relaxing)
 .debug_str     0x0000dbc9        0x0 ./mtkernel_3/kernel/tkernel/task.o
                               0xacab (size before relaxing)
 .debug_str     0x0000dbc9        0x0 ./mtkernel_3/kernel/tkernel/task_manage.o
                               0xadb8 (size before relaxing)
 .debug_str     0x0000dbc9        0x0 ./mtkernel_3/kernel/tkernel/task_sync.o
                               0x7ea8 (size before relaxing)
 .debug_str     0x0000dbc9        0x0 ./mtkernel_3/kernel/tkernel/time_calls.o
                               0x82f5 (size before relaxing)
 .debug_str     0x0000dbc9        0x0 ./mtkernel_3/kernel/tkernel/timer.o
                               0x7773 (size before relaxing)
 .debug_str     0x0000dbc9        0x0 ./mtkernel_3/kernel/tkernel/tkinit.o
                               0x724b (size before relaxing)
 .debug_str     0x0000dbc9        0x0 ./mtkernel_3/kernel/tkernel/wait.o
                               0x76f4 (size before relaxing)
 .debug_str     0x0000dbc9        0x0 ./mtkernel_3/kernel/sysinit/sysinit.o
                               0x7287 (size before relaxing)
 .debug_str     0x0000dbc9        0x0 ./mtkernel_3/kernel/inittask/inittask.o
                               0x72e2 (size before relaxing)
 .debug_str     0x0000dbc9        0x0 ./mtkernel_3/device/common/drvif/msdrvif.o
                               0x6888 (size before relaxing)
 .debug_str     0x0000dbc9        0x0 ./mtkernel_3/device/adc/adc.o
                               0x6624 (size before relaxing)
 .debug_str     0x0000dbc9        0x0 ./mtkernel_3/device/i2c/i2c.o
                               0x6624 (size before relaxing)
 .debug_str     0x0000dbc9        0x0 ./mtkernel_3/device/ser/ser.o
                               0x6624 (size before relaxing)
 .debug_str     0x0000dbc9        0x0 ./mtkernel_3/lib/libtm/sysdepend/iote_riscv/tm_com.o
                               0x672f (size before relaxing)
 .debug_str     0x0000dbc9        0x0 ./mtkernel_3/lib/libtm/sysdepend/no_device/tm_com.o
                               0x66a0 (size before relaxing)
 .debug_str     0x0000dbc9        0x0 ./mtkernel_3/lib/libtk/sysdepend/cpu/core/riscv/int_riscv.o
                               0x6727 (size before relaxing)
 .debug_str     0x0000dbc9        0x0 ./mtkernel_3/lib/libtk/sysdepend/cpu/core/riscv/wusec_riscv.o
                               0x664b (size before relaxing)
 .debug_str     0x0000dbc9        0x0 ./mtkernel_3/kernel/sysdepend/iote_riscv/cpu_clock.o
                               0x6627 (size before relaxing)
 .debug_str     0x0000dbc9        0x0 ./mtkernel_3/kernel/sysdepend/iote_riscv/devinit.o
                               0x7169 (size before relaxing)
 .debug_str     0x0000dbc9        0x0 ./mtkernel_3/kernel/sysdepend/iote_riscv/hw_setting.o
                               0x71af (size before relaxing)
 .debug_str     0x0000dbc9        0x0 ./mtkernel_3/kernel/sysdepend/iote_riscv/power_save.o
                               0x7146 (size before relaxing)
 .debug_str     0x0000dbc9        0x0 ./mtkernel_3/kernel/sysdepend/cpu/core/riscv/cpu_cntl.o
                               0xa1d1 (size before relaxing)
 .debug_str     0x0000dbc9        0x0 ./mtkernel_3/kernel/sysdepend/cpu/core/riscv/dispatch.o
                                 0x75 (size before relaxing)
 .debug_str     0x0000dbc9        0x0 ./mtkernel_3/kernel/sysdepend/cpu/core/riscv/exc_hdr.o
                               0x71a5 (size before relaxing)
 .debug_str     0x0000dbc9        0x0 ./mtkernel_3/kernel/sysdepend/cpu/core/riscv/interrupt.o
                               0x71d6 (size before relaxing)
 .debug_str     0x0000dbc9        0x0 ./mtkernel_3/kernel/sysdepend/cpu/core/riscv/reset_hdl.o
                               0x71d0 (size before relaxing)
 .debug_str     0x0000dbc9        0x0 ./mtkernel_3/kernel/sysdepend/cpu/core/riscv/startup.o
                                 0x74 (size before relaxing)

.debug_line_str
                0x00000000      0xf35
 .debug_line_str
                0x00000000      0xf35 ./mtkernel_3/lib/libtm/libtm.o
                                0x3a1 (size before relaxing)
 .debug_line_str
                0x00000f35        0x0 ./mtkernel_3/lib/libtm/libtm_printf.o
                                0x3bf (size before relaxing)
 .debug_line_str
                0x00000f35        0x0 ./mtkernel_3/lib/libtk/fastlock.o
                                0x37d (size before relaxing)
 .debug_line_str
                0x00000f35        0x0 ./mtkernel_3/lib/libtk/fastmlock.o
                                0x380 (size before relaxing)
 .debug_line_str
                0x00000f35        0x0 ./mtkernel_3/lib/libtk/kmalloc.o
                                0x37a (size before relaxing)
 .debug_line_str
                0x00000f35        0x0 ./mtkernel_3/kernel/usermain/usermain.o
                                0x3a2 (size before relaxing)
 .debug_line_str
                0x00000f35        0x0 ./mtkernel_3/kernel/tstdlib/bitop.o
                                0x37e (size before relaxing)
 .debug_line_str
                0x00000f35        0x0 ./mtkernel_3/kernel/tstdlib/string.o
                                0x589 (size before relaxing)
 .debug_line_str
                0x00000f35        0x0 ./mtkernel_3/kernel/tkernel/cpuctl.o
                                0x5a6 (size before relaxing)
 .debug_line_str
                0x00000f35        0x0 ./mtkernel_3/kernel/tkernel/device.o
                                0x5a4 (size before relaxing)
 .debug_line_str
                0x00000f35        0x0 ./mtkernel_3/kernel/tkernel/deviceio.o
                                0x5aa (size before relaxing)
 .debug_line_str
                0x00000f35        0x0 ./mtkernel_3/kernel/tkernel/eventflag.o
                                0x5ca (size before relaxing)
 .debug_line_str
                0x00000f35        0x0 ./mtkernel_3/kernel/tkernel/int.o
                                0x588 (size before relaxing)
 .debug_line_str
                0x00000f35        0x0 ./mtkernel_3/kernel/tkernel/klock.o
                                0x59c (size before relaxing)
 .debug_line_str
                0x00000f35        0x0 ./mtkernel_3/kernel/tkernel/mailbox.o
                                0x5c2 (size before relaxing)
 .debug_line_str
                0x00000f35        0x0 ./mtkernel_3/kernel/tkernel/memory.o
                                0x59b (size before relaxing)
 .debug_line_str
                0x00000f35        0x0 ./mtkernel_3/kernel/tkernel/mempfix.o
                                0x5ca (size before relaxing)
 .debug_line_str
                0x00000f35        0x0 ./mtkernel_3/kernel/tkernel/mempool.o
                                0x5d4 (size before relaxing)
 .debug_line_str
                0x00000f35        0x0 ./mtkernel_3/kernel/tkernel/messagebuf.o
                                0x5ce (size before relaxing)
 .debug_line_str
                0x00000f35        0x0 ./mtkernel_3/kernel/tkernel/misc_calls.o
                                0x59d (size before relaxing)
 .debug_line_str
                0x00000f35        0x0 ./mtkernel_3/kernel/tkernel/mutex.o
                                0x5ba (size before relaxing)
 .debug_line_str
                0x00000f35        0x0 ./mtkernel_3/kernel/tkernel/objname.o
                                0x58c (size before relaxing)
 .debug_line_str
                0x00000f35        0x0 ./mtkernel_3/kernel/tkernel/power.o
                                0x58e (size before relaxing)
 .debug_line_str
                0x00000f35        0x0 ./mtkernel_3/kernel/tkernel/rendezvous.o
                                0x5ce (size before relaxing)
 .debug_line_str
                0x00000f35        0x0 ./mtkernel_3/kernel/tkernel/semaphore.o
                                0x5ca (size before relaxing)
 .debug_line_str
                0x00000f35        0x0 ./mtkernel_3/kernel/tkernel/task.o
                                0x83c (size before relaxing)
 .debug_line_str
                0x00000f35        0x0 ./mtkernel_3/kernel/tkernel/task_manage.o
                                0x851 (size before relaxing)
 .debug_line_str
                0x00000f35        0x0 ./mtkernel_3/kernel/tkernel/task_sync.o
                                0x5c7 (size before relaxing)
 .debug_line_str
                0x00000f35        0x0 ./mtkernel_3/kernel/tkernel/time_calls.o
                                0x6c3 (size before relaxing)
 .debug_line_str
                0x00000f35        0x0 ./mtkernel_3/kernel/tkernel/timer.o
                                0x683 (size before relaxing)
 .debug_line_str
                0x00000f35        0x0 ./mtkernel_3/kernel/tkernel/tkinit.o
                                0x591 (size before relaxing)
 .debug_line_str
                0x00000f35        0x0 ./mtkernel_3/kernel/tkernel/wait.o
                                0x5a7 (size before relaxing)
 .debug_line_str
                0x00000f35        0x0 ./mtkernel_3/kernel/sysinit/sysinit.o
                                0x58c (size before relaxing)
 .debug_line_str
                0x00000f35        0x0 ./mtkernel_3/kernel/inittask/inittask.o
                                0x59c (size before relaxing)
 .debug_line_str
                0x00000f35        0x0 ./mtkernel_3/device/common/drvif/msdrvif.o
                                0x398 (size before relaxing)
 .debug_line_str
                0x00000f35        0x0 ./mtkernel_3/device/adc/adc.o
                                0x38b (size before relaxing)
 .debug_line_str
                0x00000f35        0x0 ./mtkernel_3/device/i2c/i2c.o
                                0x38b (size before relaxing)
 .debug_line_str
                0x00000f35        0x0 ./mtkernel_3/device/ser/ser.o
                                0x38b (size before relaxing)
 .debug_line_str
                0x00000f35        0x0 ./mtkernel_3/lib/libtm/sysdepend/iote_riscv/tm_com.o
                                0x3dd (size before relaxing)
 .debug_line_str
                0x00000f35        0x0 ./mtkernel_3/lib/libtm/sysdepend/no_device/tm_com.o
                                0x3da (size before relaxing)
 .debug_line_str
                0x00000f35        0x0 ./mtkernel_3/lib/libtk/sysdepend/cpu/core/riscv/int_riscv.o
                                0x3b2 (size before relaxing)
 .debug_line_str
                0x00000f35        0x0 ./mtkernel_3/lib/libtk/sysdepend/cpu/core/riscv/wusec_riscv.o
                                0x3b8 (size before relaxing)
 .debug_line_str
                0x00000f35        0x0 ./mtkernel_3/kernel/sysdepend/iote_riscv/cpu_clock.o
                                0x3a4 (size before relaxing)
 .debug_line_str
                0x00000f35        0x0 ./mtkernel_3/kernel/sysdepend/iote_riscv/devinit.o
                                0x5a6 (size before relaxing)
 .debug_line_str
                0x00000f35        0x0 ./mtkernel_3/kernel/sysdepend/iote_riscv/hw_setting.o
                                0x5bb (size before relaxing)
 .debug_line_str
                0x00000f35        0x0 ./mtkernel_3/kernel/sysdepend/iote_riscv/power_save.o
                                0x5af (size before relaxing)
 .debug_line_str
                0x00000f35        0x0 ./mtkernel_3/kernel/sysdepend/cpu/core/riscv/cpu_cntl.o
                                0x790 (size before relaxing)
 .debug_line_str
                0x00000f35        0x0 ./mtkernel_3/kernel/sysdepend/cpu/core/riscv/dispatch.o
                                 0x69 (size before relaxing)
 .debug_line_str
                0x00000f35        0x0 ./mtkernel_3/kernel/sysdepend/cpu/core/riscv/exc_hdr.o
                                0x5e6 (size before relaxing)
 .debug_line_str
                0x00000f35        0x0 ./mtkernel_3/kernel/sysdepend/cpu/core/riscv/interrupt.o
                                0x5ec (size before relaxing)
 .debug_line_str
                0x00000f35        0x0 ./mtkernel_3/kernel/sysdepend/cpu/core/riscv/reset_hdl.o
                                0x5ec (size before relaxing)
 .debug_line_str
                0x00000f35        0x0 ./mtkernel_3/kernel/sysdepend/cpu/core/riscv/startup.o
                                 0x68 (size before relaxing)

.comment        0x00000000       0x2c
 .comment       0x00000000       0x2c ./mtkernel_3/lib/libtm/libtm.o
                                 0x1b (size before relaxing)
 .comment       0x0000002c        0x0 ./mtkernel_3/lib/libtm/libtm_printf.o
                                 0x1b (size before relaxing)
 .comment       0x0000002c        0x0 ./mtkernel_3/lib/libtk/fastlock.o
                                 0x1b (size before relaxing)
 .comment       0x0000002c        0x0 ./mtkernel_3/lib/libtk/fastmlock.o
                                 0x1b (size before relaxing)
 .comment       0x0000002c        0x0 ./mtkernel_3/lib/libtk/kmalloc.o
                                 0x1b (size before relaxing)
 .comment       0x0000002c        0x0 ./mtkernel_3/kernel/usermain/usermain.o
                                 0x1b (size before relaxing)
 .comment       0x0000002c        0x0 ./mtkernel_3/kernel/tstdlib/bitop.o
                                 0x1b (size before relaxing)
 .comment       0x0000002c        0x0 ./mtkernel_3/kernel/tstdlib/string.o
                                 0x1b (size before relaxing)
 .comment       0x0000002c        0x0 ./mtkernel_3/kernel/tkernel/cpuctl.o
                                 0x1b (size before relaxing)
 .comment       0x0000002c        0x0 ./mtkernel_3/kernel/tkernel/device.o
                                 0x1b (size before relaxing)
 .comment       0x0000002c        0x0 ./mtkernel_3/kernel/tkernel/deviceio.o
                                 0x1b (size before relaxing)
 .comment       0x0000002c        0x0 ./mtkernel_3/kernel/tkernel/eventflag.o
                                 0x1b (size before relaxing)
 .comment       0x0000002c        0x0 ./mtkernel_3/kernel/tkernel/int.o
                                 0x1b (size before relaxing)
 .comment       0x0000002c        0x0 ./mtkernel_3/kernel/tkernel/klock.o
                                 0x1b (size before relaxing)
 .comment       0x0000002c        0x0 ./mtkernel_3/kernel/tkernel/mailbox.o
                                 0x1b (size before relaxing)
 .comment       0x0000002c        0x0 ./mtkernel_3/kernel/tkernel/memory.o
                                 0x1b (size before relaxing)
 .comment       0x0000002c        0x0 ./mtkernel_3/kernel/tkernel/mempfix.o
                                 0x1b (size before relaxing)
 .comment       0x0000002c        0x0 ./mtkernel_3/kernel/tkernel/mempool.o
                                 0x1b (size before relaxing)
 .comment       0x0000002c        0x0 ./mtkernel_3/kernel/tkernel/messagebuf.o
                                 0x1b (size before relaxing)
 .comment       0x0000002c        0x0 ./mtkernel_3/kernel/tkernel/misc_calls.o
                                 0x1b (size before relaxing)
 .comment       0x0000002c        0x0 ./mtkernel_3/kernel/tkernel/mutex.o
                                 0x1b (size before relaxing)
 .comment       0x0000002c        0x0 ./mtkernel_3/kernel/tkernel/objname.o
                                 0x1b (size before relaxing)
 .comment       0x0000002c        0x0 ./mtkernel_3/kernel/tkernel/power.o
                                 0x1b (size before relaxing)
 .comment       0x0000002c        0x0 ./mtkernel_3/kernel/tkernel/rendezvous.o
                                 0x1b (size before relaxing)
 .comment       0x0000002c        0x0 ./mtkernel_3/kernel/tkernel/semaphore.o
                                 0x1b (size before relaxing)
 .comment       0x0000002c        0x0 ./mtkernel_3/kernel/tkernel/task.o
                                 0x1b (size before relaxing)
 .comment       0x0000002c        0x0 ./mtkernel_3/kernel/tkernel/task_manage.o
                                 0x1b (size before relaxing)
 .comment       0x0000002c        0x0 ./mtkernel_3/kernel/tkernel/task_sync.o
                                 0x1b (size before relaxing)
 .comment       0x0000002c        0x0 ./mtkernel_3/kernel/tkernel/time_calls.o
                                 0x1b (size before relaxing)
 .comment       0x0000002c        0x0 ./mtkernel_3/kernel/tkernel/timer.o
                                 0x1b (size before relaxing)
 .comment       0x0000002c        0x0 ./mtkernel_3/kernel/tkernel/tkinit.o
                                 0x1b (size before relaxing)
 .comment       0x0000002c        0x0 ./mtkernel_3/kernel/tkernel/wait.o
                                 0x1b (size before relaxing)
 .comment       0x0000002c        0x0 ./mtkernel_3/kernel/sysinit/sysinit.o
                                 0x1b (size before relaxing)
 .comment       0x0000002c        0x0 ./mtkernel_3/kernel/inittask/inittask.o
                                 0x1b (size before relaxing)
 .comment       0x0000002c        0x0 ./mtkernel_3/device/common/drvif/msdrvif.o
                                 0x1b (size before relaxing)
 .comment       0x0000002c        0x0 ./mtkernel_3/device/adc/adc.o
                                 0x1b (size before relaxing)
 .comment       0x0000002c        0x0 ./mtkernel_3/device/i2c/i2c.o
                                 0x1b (size before relaxing)
 .comment       0x0000002c        0x0 ./mtkernel_3/device/ser/ser.o
                                 0x1b (size before relaxing)
 .comment       0x0000002c        0x0 ./mtkernel_3/lib/libtm/sysdepend/iote_riscv/tm_com.o
                                 0x1b (size before relaxing)
 .comment       0x0000002c        0x0 ./mtkernel_3/lib/libtm/sysdepend/no_device/tm_com.o
                                 0x1b (size before relaxing)
 .comment       0x0000002c        0x0 ./mtkernel_3/lib/libtk/sysdepend/cpu/core/riscv/int_riscv.o
                                 0x1b (size before relaxing)
 .comment       0x0000002c        0x0 ./mtkernel_3/lib/libtk/sysdepend/cpu/core/riscv/wusec_riscv.o
                                 0x1b (size before relaxing)
 .comment       0x0000002c        0x0 ./mtkernel_3/kernel/sysdepend/iote_riscv/cpu_clock.o
                                 0x1b (size before relaxing)
 .comment       0x0000002c        0x0 ./mtkernel_3/kernel/sysdepend/iote_riscv/devinit.o
                                 0x1b (size before relaxing)
 .comment       0x0000002c        0x0 ./mtkernel_3/kernel/sysdepend/iote_riscv/hw_setting.o
                                 0x1b (size before relaxing)
 .comment       0x0000002c        0x0 ./mtkernel_3/kernel/sysdepend/iote_riscv/power_save.o
                                 0x1b (size before relaxing)
 .comment       0x0000002c        0x0 ./mtkernel_3/kernel/sysdepend/cpu/core/riscv/cpu_cntl.o
                                 0x1b (size before relaxing)
 .comment       0x0000002c        0x0 ./mtkernel_3/kernel/sysdepend/cpu/core/riscv/exc_hdr.o
                                 0x1b (size before relaxing)
 .comment       0x0000002c        0x0 ./mtkernel_3/kernel/sysdepend/cpu/core/riscv/interrupt.o
                                 0x1b (size before relaxing)
 .comment       0x0000002c        0x0 ./mtkernel_3/kernel/sysdepend/cpu/core/riscv/reset_hdl.o
                                 0x1b (size before relaxing)
 .comment       0x0000002c        0x0 /var/archlab-modules/riscv-gnu-toolchain/2026.03.13/bin/../lib/gcc/riscv64-unknown-elf/15.2.0/../../../../riscv64-unknown-elf/lib/rv32imac/ilp32/libc.a(libc_a-memcpy.o)
                                 0x13 (size before relaxing)

.note.GNU-stack
                0x00000000        0x0
 .note.GNU-stack
                0x00000000        0x0 ./mtkernel_3/lib/libtm/libtm.o
 .note.GNU-stack
                0x00000000        0x0 ./mtkernel_3/lib/libtm/libtm_printf.o
 .note.GNU-stack
                0x00000000        0x0 ./mtkernel_3/lib/libtk/fastlock.o
 .note.GNU-stack
                0x00000000        0x0 ./mtkernel_3/lib/libtk/fastmlock.o
 .note.GNU-stack
                0x00000000        0x0 ./mtkernel_3/lib/libtk/kmalloc.o
 .note.GNU-stack
                0x00000000        0x0 ./mtkernel_3/kernel/usermain/usermain.o
 .note.GNU-stack
                0x00000000        0x0 ./mtkernel_3/kernel/tstdlib/bitop.o
 .note.GNU-stack
                0x00000000        0x0 ./mtkernel_3/kernel/tstdlib/string.o
 .note.GNU-stack
                0x00000000        0x0 ./mtkernel_3/kernel/tkernel/cpuctl.o
 .note.GNU-stack
                0x00000000        0x0 ./mtkernel_3/kernel/tkernel/device.o
 .note.GNU-stack
                0x00000000        0x0 ./mtkernel_3/kernel/tkernel/deviceio.o
 .note.GNU-stack
                0x00000000        0x0 ./mtkernel_3/kernel/tkernel/eventflag.o
 .note.GNU-stack
                0x00000000        0x0 ./mtkernel_3/kernel/tkernel/int.o
 .note.GNU-stack
                0x00000000        0x0 ./mtkernel_3/kernel/tkernel/klock.o
 .note.GNU-stack
                0x00000000        0x0 ./mtkernel_3/kernel/tkernel/mailbox.o
 .note.GNU-stack
                0x00000000        0x0 ./mtkernel_3/kernel/tkernel/memory.o
 .note.GNU-stack
                0x00000000        0x0 ./mtkernel_3/kernel/tkernel/mempfix.o
 .note.GNU-stack
                0x00000000        0x0 ./mtkernel_3/kernel/tkernel/mempool.o
 .note.GNU-stack
                0x00000000        0x0 ./mtkernel_3/kernel/tkernel/messagebuf.o
 .note.GNU-stack
                0x00000000        0x0 ./mtkernel_3/kernel/tkernel/misc_calls.o
 .note.GNU-stack
                0x00000000        0x0 ./mtkernel_3/kernel/tkernel/mutex.o
 .note.GNU-stack
                0x00000000        0x0 ./mtkernel_3/kernel/tkernel/objname.o
 .note.GNU-stack
                0x00000000        0x0 ./mtkernel_3/kernel/tkernel/power.o
 .note.GNU-stack
                0x00000000        0x0 ./mtkernel_3/kernel/tkernel/rendezvous.o
 .note.GNU-stack
                0x00000000        0x0 ./mtkernel_3/kernel/tkernel/semaphore.o
 .note.GNU-stack
                0x00000000        0x0 ./mtkernel_3/kernel/tkernel/task.o
 .note.GNU-stack
                0x00000000        0x0 ./mtkernel_3/kernel/tkernel/task_manage.o
 .note.GNU-stack
                0x00000000        0x0 ./mtkernel_3/kernel/tkernel/task_sync.o
 .note.GNU-stack
                0x00000000        0x0 ./mtkernel_3/kernel/tkernel/time_calls.o
 .note.GNU-stack
                0x00000000        0x0 ./mtkernel_3/kernel/tkernel/timer.o
 .note.GNU-stack
                0x00000000        0x0 ./mtkernel_3/kernel/tkernel/tkinit.o
 .note.GNU-stack
                0x00000000        0x0 ./mtkernel_3/kernel/tkernel/wait.o
 .note.GNU-stack
                0x00000000        0x0 ./mtkernel_3/kernel/sysinit/sysinit.o
 .note.GNU-stack
                0x00000000        0x0 ./mtkernel_3/kernel/inittask/inittask.o
 .note.GNU-stack
                0x00000000        0x0 ./mtkernel_3/device/common/drvif/msdrvif.o
 .note.GNU-stack
                0x00000000        0x0 ./mtkernel_3/device/adc/adc.o
 .note.GNU-stack
                0x00000000        0x0 ./mtkernel_3/device/i2c/i2c.o
 .note.GNU-stack
                0x00000000        0x0 ./mtkernel_3/device/ser/ser.o
 .note.GNU-stack
                0x00000000        0x0 ./mtkernel_3/lib/libtm/sysdepend/iote_riscv/tm_com.o
 .note.GNU-stack
                0x00000000        0x0 ./mtkernel_3/lib/libtm/sysdepend/no_device/tm_com.o
 .note.GNU-stack
                0x00000000        0x0 ./mtkernel_3/lib/libtk/sysdepend/cpu/core/riscv/int_riscv.o
 .note.GNU-stack
                0x00000000        0x0 ./mtkernel_3/lib/libtk/sysdepend/cpu/core/riscv/wusec_riscv.o
 .note.GNU-stack
                0x00000000        0x0 ./mtkernel_3/kernel/sysdepend/iote_riscv/cpu_clock.o
 .note.GNU-stack
                0x00000000        0x0 ./mtkernel_3/kernel/sysdepend/iote_riscv/devinit.o
 .note.GNU-stack
                0x00000000        0x0 ./mtkernel_3/kernel/sysdepend/iote_riscv/hw_setting.o
 .note.GNU-stack
                0x00000000        0x0 ./mtkernel_3/kernel/sysdepend/iote_riscv/power_save.o
 .note.GNU-stack
                0x00000000        0x0 ./mtkernel_3/kernel/sysdepend/cpu/core/riscv/cpu_cntl.o
 .note.GNU-stack
                0x00000000        0x0 ./mtkernel_3/kernel/sysdepend/cpu/core/riscv/exc_hdr.o
 .note.GNU-stack
                0x00000000        0x0 ./mtkernel_3/kernel/sysdepend/cpu/core/riscv/interrupt.o
 .note.GNU-stack
                0x00000000        0x0 ./mtkernel_3/kernel/sysdepend/cpu/core/riscv/reset_hdl.o
 .note.GNU-stack
                0x00000000        0x0 /var/archlab-modules/riscv-gnu-toolchain/2026.03.13/bin/../lib/gcc/riscv64-unknown-elf/15.2.0/../../../../riscv64-unknown-elf/lib/rv32imac/ilp32/libc.a(libc_a-memcpy.o)

.riscv.attributes
                0x00000000       0x5b
 .riscv.attributes